2026-08-21 15:42:34 | INFO | day=0 player=0 farmer=(0,0) action={'farmer': ['PASS'], 'hands': [['PLANT', 'WHEAT']], 'market': [['BUY_SEED', 'CORN', 1], ['BUY_SEED', 'TOMATO', 1], ['BUY_SEED', 'POTATO', 1]]}
2026-08-21 15:42:34 | INFO | strategy_summary=Day 0 | Money: $100
Plants: 0 | Ready: 0 | Need water: 0
Seeds: {'WHEAT': 1} | Shed: {}
2026-08-21 16:15:06 | INFO | day=0 player=0 farmer=(0,0) action={'farmer': ['PASS'], 'hands': [['PLANT', 'WHEAT']], 'market': [['BUY_SEED', 'CORN', 1], ['BUY_SEED', 'TOMATO', 1], ['BUY_SEED', 'POTATO', 1]]}
2026-08-21 16:15:06 | INFO | strategy_summary=Day 0 | Money: $100
Plants: 0 | Ready: 0 | Need water: 0
Seeds: {'WHEAT': 5} | Shed: {}
2026-08-21 16:15:06 | INFO | day=0 player=0 farmer=(4,4) action={'farmer': ['PASS'], 'hands': [], 'market': [['BUY_SEED', 'WHEAT', 1], ['BUY_SEED', 'CORN', 1], ['BUY_SEED', 'TOMATO', 1], ['BUY_SEED', 'POTATO', 1], ['BUY_SEED', 'ANIMAL_FEED', 1]]}
2026-08-21 16:15:06 | INFO | day=0 player=0 farmer=(4,4) action={'farmer': ['PASS'], 'hands': [['PLANT', 'WHEAT']], 'market': [['BUY_SEED', 'CORN', 1], ['BUY_SEED', 'POTATO', 1], ['BUY_SEED', 'ANIMAL_FEED', 1]]}
2026-08-21 16:15:06 | INFO | day=0 player=0 farmer=(4,4) action={'farmer': ['PASS'], 'hands': [['PLANT', 'WHEAT']], 'market': [['BUY_SEED', 'CORN', 1], ['BUY_SEED', 'POTATO', 1], ['BUY_SEED', 'ANIMAL_FEED', 1]]}
2026-08-21 16:15:06 | INFO | day=0 player=0 farmer=(4,4) action={'farmer': ['PASS'], 'hands': [['PLANT', 'WHEAT']], 'market': [['BUY_SEED', 'CORN', 1], ['BUY_SEED', 'POTATO', 1], ['BUY_SEED', 'ANIMAL_FEED', 1]]}
2026-08-21 16:15:06 | INFO | day=0 player=0 farmer=(4,4) action={'farmer': ['PASS'], 'hands': [['PLANT', 'WHEAT']], 'market': [['BUY_SEED', 'CORN', 1], ['BUY_SEED', 'POTATO', 1], ['BUY_SEED', 'ANIMAL_FEED', 1]]}
2026-08-21 16:15:06 | INFO | day=0 player=0 farmer=(4,4) action={'farmer': ['PASS'], 'hands': [['PLANT', 'WHEAT']], 'market': [['BUY_SEED', 'CORN', 1], ['BUY_SEED', 'POTATO', 1], ['BUY_SEED', 'ANIMAL_FEED', 1]]}
2026-08-21 16:15:06 | INFO | day=0 player=0 farmer=(4,4) action={'farmer': ['PASS'], 'hands': [['PLANT', 'WHEAT']], 'market': [['BUY_SEED', 'CORN', 1], ['BUY_SEED', 'POTATO', 1], ['BUY_SEED', 'ANIMAL_FEED', 1]]}
2026-08-21 16:15:06 | INFO | day=0 player=0 farmer=(4,4) action={'farmer': ['PASS'], 'hands': [['PLANT', 'WHEAT']], 'market': [['BUY_SEED', 'CORN', 1], ['BUY_SEED', 'POTATO', 1], ['BUY_SEED', 'ANIMAL_FEED', 1]]}
2026-08-21 16:15:06 | INFO | day=0 player=0 farmer=(4,4) action={'farmer': ['PASS'], 'hands': [['PLANT', 'WHEAT']], 'market': [['BUY_SEED', 'CORN', 1], ['BUY_SEED', 'POTATO', 1], ['BUY_SEED', 'ANIMAL_FEED', 1]]}
2026-08-21 16:15:06 | INFO | day=0 player=0 farmer=(4,4) action={'farmer': ['PASS'], 'hands': [['PLANT', 'WHEAT']], 'market': [['BUY_SEED', 'CORN', 1], ['BUY_SEED', 'POTATO', 1], ['BUY_SEED', 'ANIMAL_FEED', 1]]}
2026-08-21 16:15:06 | INFO | day=0 player=0 farmer=(4,4) action={'farmer': ['PASS'], 'hands': [['PLANT', 'WHEAT']], 'market': [['BUY_SEED', 'CORN', 1], ['BUY_SEED', 'POTATO', 1], ['BUY_SEED', 'ANIMAL_FEED', 1]]}
2026-08-21 16:15:06 | INFO | day=0 player=0 farmer=(4,4) action={'farmer': ['PASS'], 'hands': [['PLANT', 'WHEAT']], 'market': [['BUY_SEED', 'CORN', 1], ['BUY_SEED', 'POTATO', 1], ['BUY_SEED', 'ANIMAL_FEED', 1]]}
2026-08-21 16:15:06 | INFO | day=0 player=0 farmer=(4,4) action={'farmer': ['PASS'], 'hands': [['PLANT', 'WHEAT']], 'market': [['BUY_SEED', 'CORN', 1], ['BUY_SEED', 'POTATO', 1], ['BUY_SEED', 'ANIMAL_FEED', 1]]}
2026-08-21 16:15:06 | INFO | day=0 player=0 farmer=(4,4) action={'farmer': ['PASS'], 'hands': [['PLANT', 'WHEAT']], 'market': [['BUY_SEED', 'CORN', 1], ['BUY_SEED', 'POTATO', 1], ['BUY_SEED', 'ANIMAL_FEED', 1]]}
2026-08-21 16:15:06 | INFO | day=0 player=0 farmer=(4,4) action={'farmer': ['PASS'], 'hands': [['PLANT', 'WHEAT']], 'market': [['BUY_SEED', 'CORN', 1], ['BUY_SEED', 'POTATO', 1], ['BUY_SEED', 'ANIMAL_FEED', 1]]}
2026-08-21 16:15:06 | INFO | day=0 player=0 farmer=(4,4) action={'farmer': ['PASS'], 'hands': [['PLANT', 'WHEAT']], 'market': [['BUY_SEED', 'CORN', 1], ['BUY_SEED', 'POTATO', 1], ['BUY_SEED', 'ANIMAL_FEED', 1]]}
2026-08-21 16:15:06 | INFO | day=0 player=0 farmer=(4,4) action={'farmer': ['PASS'], 'hands': [['PLANT', 'WHEAT']], 'market': [['BUY_SEED', 'CORN', 1], ['BUY_SEED', 'POTATO', 1], ['BUY_SEED', 'ANIMAL_FEED', 1]]}
2026-08-21 16:15:06 | INFO | day=0 player=0 farmer=(4,4) action={'farmer': ['PASS'], 'hands': [['PLANT', 'WHEAT']], 'market': [['BUY_SEED', 'CORN', 1], ['BUY_SEED', 'POTATO', 1], ['BUY_SEED', 'ANIMAL_FEED', 1]]}
2026-08-21 16:15:06 | INFO | day=0 player=0 farmer=(4,4) action={'farmer': ['PASS'], 'hands': [['PLANT', 'WHEAT']], 'market': [['BUY_SEED', 'CORN', 1], ['BUY_SEED', 'POTATO', 1], ['BUY_SEED', 'ANIMAL_FEED', 1]]}
2026-08-21 16:15:06 | INFO | day=0 player=0 farmer=(4,4) action={'farmer': ['PASS'], 'hands': [['PLANT', 'WHEAT']], 'market': [['BUY_SEED', 'CORN', 1], ['BUY_SEED', 'POTATO', 1], ['BUY_SEED', 'ANIMAL_FEED', 1]]}
2026-08-21 16:15:06 | INFO | day=0 player=0 farmer=(4,4) action={'farmer': ['PASS'], 'hands': [['PLANT', 'WHEAT']], 'market': [['BUY_SEED', 'CORN', 1], ['BUY_SEED', 'POTATO', 1], ['BUY_SEED', 'ANIMAL_FEED', 1]]}
2026-08-21 16:15:06 | INFO | day=0 player=0 farmer=(4,4) action={'farmer': ['PASS'], 'hands': [['PLANT', 'WHEAT']], 'market': [['BUY_SEED', 'CORN', 1], ['BUY_SEED', 'POTATO', 1], ['BUY_SEED', 'ANIMAL_FEED', 1]]}
2026-08-21 16:15:06 | INFO | day=0 player=0 farmer=(4,4) action={'farmer': ['PASS'], 'hands': [['PLANT', 'WHEAT']], 'market': [['BUY_SEED', 'CORN', 1], ['BUY_SEED', 'POTATO', 1], ['BUY_SEED', 'ANIMAL_FEED', 1]]}
2026-08-21 16:15:06 | INFO | day=0 player=0 farmer=(4,4) action={'farmer': ['PASS'], 'hands': [['PLANT', 'WHEAT']], 'market': [['BUY_SEED', 'CORN', 1], ['BUY_SEED', 'POTATO', 1], ['BUY_SEED', 'ANIMAL_FEED', 1]]}
2026-08-21 16:15:06 | INFO | day=1 player=0 farmer=(4,4) action={'farmer': ['PASS'], 'hands': [['PLANT', 'WHEAT']], 'market': [['BUY_SEED', 'CORN', 1], ['BUY_SEED', 'POTATO', 1], ['BUY_SEED', 'ANIMAL_FEED', 1]]}
2026-08-21 16:15:06 | INFO | day=1 player=0 farmer=(4,4) action={'farmer': ['PASS'], 'hands': [['PLANT', 'WHEAT']], 'market': [['BUY_SEED', 'CORN', 1], ['BUY_SEED', 'POTATO', 1], ['BUY_SEED', 'ANIMAL_FEED', 1]]}
2026-08-21 16:15:06 | INFO | day=1 player=0 farmer=(4,4) action={'farmer': ['PASS'], 'hands': [['PLANT', 'WHEAT']], 'market': [['BUY_SEED', 'CORN', 1], ['BUY_SEED', 'POTATO', 1], ['BUY_SEED', 'ANIMAL_FEED', 1]]}
2026-08-21 16:15:06 | INFO | day=1 player=0 farmer=(4,4) action={'farmer': ['PASS'], 'hands': [['PLANT', 'WHEAT']], 'market': [['BUY_SEED', 'CORN', 1], ['BUY_SEED', 'POTATO', 1], ['BUY_SEED', 'ANIMAL_FEED', 1]]}
2026-08-21 16:15:06 | INFO | day=1 player=0 farmer=(4,4) action={'farmer': ['PASS'], 'hands': [['PLANT', 'WHEAT']], 'market': [['BUY_SEED', 'CORN', 1], ['BUY_SEED', 'POTATO', 1], ['BUY_SEED', 'ANIMAL_FEED', 1]]}
2026-08-21 16:15:06 | INFO | day=1 player=0 farmer=(4,4) action={'farmer': ['PASS'], 'hands': [['PLANT', 'WHEAT']], 'market': [['BUY_SEED', 'CORN', 1], ['BUY_SEED', 'POTATO', 1], ['BUY_SEED', 'ANIMAL_FEED', 1]]}
2026-08-21 16:15:06 | INFO | day=1 player=0 farmer=(4,4) action={'farmer': ['PASS'], 'hands': [['PLANT', 'WHEAT']], 'market': [['BUY_SEED', 'CORN', 1], ['BUY_SEED', 'POTATO', 1], ['BUY_SEED', 'ANIMAL_FEED', 1]]}
2026-08-21 16:15:06 | INFO | day=1 player=0 farmer=(4,4) action={'farmer': ['PASS'], 'hands': [['PLANT', 'WHEAT']], 'market': [['BUY_SEED', 'CORN', 1], ['BUY_SEED', 'POTATO', 1], ['BUY_SEED', 'ANIMAL_FEED', 1]]}
2026-08-21 16:15:06 | INFO | day=1 player=0 farmer=(4,4) action={'farmer': ['PASS'], 'hands': [['PLANT', 'WHEAT']], 'market': [['BUY_SEED', 'CORN', 1], ['BUY_SEED', 'POTATO', 1], ['BUY_SEED', 'ANIMAL_FEED', 1]]}
2026-08-21 16:15:06 | INFO | day=1 player=0 farmer=(4,4) action={'farmer': ['PASS'], 'hands': [['PLANT', 'WHEAT']], 'market': [['BUY_SEED', 'CORN', 1], ['BUY_SEED', 'POTATO', 1], ['BUY_SEED', 'ANIMAL_FEED', 1]]}
2026-08-21 16:15:06 | INFO | day=1 player=0 farmer=(4,4) action={'farmer': ['PASS'], 'hands': [['PLANT', 'WHEAT']], 'market': [['BUY_SEED', 'CORN', 1], ['BUY_SEED', 'POTATO', 1], ['BUY_SEED', 'ANIMAL_FEED', 1]]}
2026-08-21 16:15:06 | INFO | day=1 player=0 farmer=(4,4) action={'farmer': ['PASS'], 'hands': [['PLANT', 'WHEAT']], 'market': [['BUY_SEED', 'CORN', 1], ['BUY_SEED', 'POTATO', 1], ['BUY_SEED', 'ANIMAL_FEED', 1]]}
2026-08-21 16:15:06 | INFO | day=1 player=0 farmer=(4,4) action={'farmer': ['PASS'], 'hands': [['PLANT', 'WHEAT']], 'market': [['BUY_SEED', 'CORN', 1], ['BUY_SEED', 'POTATO', 1], ['BUY_SEED', 'ANIMAL_FEED', 1]]}
2026-08-21 16:15:06 | INFO | day=1 player=0 farmer=(4,4) action={'farmer': ['PASS'], 'hands': [['PLANT', 'WHEAT']], 'market': [['BUY_SEED', 'CORN', 1], ['BUY_SEED', 'POTATO', 1], ['BUY_SEED', 'ANIMAL_FEED', 1]]}
2026-08-21 16:15:06 | INFO | day=1 player=0 farmer=(4,4) action={'farmer': ['PASS'], 'hands': [['PLANT', 'WHEAT']], 'market': [['BUY_SEED', 'CORN', 1], ['BUY_SEED', 'POTATO', 1], ['BUY_SEED', 'ANIMAL_FEED', 1]]}
2026-08-21 16:15:06 | INFO | day=1 player=0 farmer=(4,4) action={'farmer': ['PASS'], 'hands': [['PLANT', 'WHEAT']], 'market': [['BUY_SEED', 'CORN', 1], ['BUY_SEED', 'POTATO', 1], ['BUY_SEED', 'ANIMAL_FEED', 1]]}
2026-08-21 16:15:06 | INFO | day=1 player=0 farmer=(4,4) action={'farmer': ['PASS'], 'hands': [['PLANT', 'WHEAT']], 'market': [['BUY_SEED', 'CORN', 1], ['BUY_SEED', 'POTATO', 1], ['BUY_SEED', 'ANIMAL_FEED', 1]]}
2026-08-21 16:15:06 | INFO | day=1 player=0 farmer=(4,4) action={'farmer': ['PASS'], 'hands': [['PLANT', 'WHEAT']], 'market': [['BUY_SEED', 'CORN', 1], ['BUY_SEED', 'POTATO', 1], ['BUY_SEED', 'ANIMAL_FEED', 1]]}
2026-08-21 16:15:06 | INFO | day=1 player=0 farmer=(4,4) action={'farmer': ['PASS'], 'hands': [['PLANT', 'WHEAT']], 'market': [['BUY_SEED', 'CORN', 1], ['BUY_SEED', 'POTATO', 1], ['BUY_SEED', 'ANIMAL_FEED', 1]]}
2026-08-21 16:15:06 | INFO | day=1 player=0 farmer=(4,4) action={'farmer': ['PASS'], 'hands': [['PLANT', 'WHEAT']], 'market': [['BUY_SEED', 'CORN', 1], ['BUY_SEED', 'POTATO', 1], ['BUY_SEED', 'ANIMAL_FEED', 1]]}
2026-08-21 16:15:06 | INFO | day=1 player=0 farmer=(4,4) action={'farmer': ['PASS'], 'hands': [['PLANT', 'WHEAT']], 'market': [['BUY_SEED', 'CORN', 1], ['BUY_SEED', 'POTATO', 1], ['BUY_SEED', 'ANIMAL_FEED', 1]]}
2026-08-21 16:15:06 | INFO | day=1 player=0 farmer=(4,4) action={'farmer': ['PASS'], 'hands': [['PLANT', 'WHEAT']], 'market': [['BUY_SEED', 'CORN', 1], ['BUY_SEED', 'POTATO', 1], ['BUY_SEED', 'ANIMAL_FEED', 1]]}
2026-08-21 16:15:06 | INFO | day=1 player=0 farmer=(4,4) action={'farmer': ['PASS'], 'hands': [['PLANT', 'WHEAT']], 'market': [['BUY_SEED', 'CORN', 1], ['BUY_SEED', 'POTATO', 1], ['BUY_SEED', 'ANIMAL_FEED', 1]]}
2026-08-21 16:15:06 | INFO | day=1 player=0 farmer=(4,4) action={'farmer': ['PASS'], 'hands': [['PLANT', 'WHEAT']], 'market': [['BUY_SEED', 'CORN', 1], ['BUY_SEED', 'POTATO', 1], ['BUY_SEED', 'ANIMAL_FEED', 1]]}
2026-08-21 16:15:06 | INFO | day=2 player=0 farmer=(4,4) action={'farmer': ['PASS'], 'hands': [['PLANT', 'WHEAT']], 'market': [['BUY_SEED', 'CORN', 1], ['BUY_SEED', 'POTATO', 1], ['BUY_SEED', 'ANIMAL_FEED', 1]]}
2026-08-21 16:15:06 | INFO | day=2 player=0 farmer=(4,4) action={'farmer': ['PASS'], 'hands': [['PLANT', 'WHEAT']], 'market': [['BUY_SEED', 'CORN', 1], ['BUY_SEED', 'POTATO', 1], ['BUY_SEED', 'ANIMAL_FEED', 1]]}
2026-08-21 16:15:06 | INFO | day=2 player=0 farmer=(4,4) action={'farmer': ['PASS'], 'hands': [['PLANT', 'WHEAT']], 'market': [['BUY_SEED', 'CORN', 1], ['BUY_SEED', 'POTATO', 1], ['BUY_SEED', 'ANIMAL_FEED', 1]]}
2026-08-21 16:15:06 | INFO | day=2 player=0 farmer=(4,4) action={'farmer': ['PASS'], 'hands': [['PLANT', 'WHEAT']], 'market': [['BUY_SEED', 'CORN', 1], ['BUY_SEED', 'POTATO', 1], ['BUY_SEED', 'ANIMAL_FEED', 1]]}
2026-08-21 16:15:06 | INFO | day=2 player=0 farmer=(4,4) action={'farmer': ['PASS'], 'hands': [['PLANT', 'WHEAT']], 'market': [['BUY_SEED', 'CORN', 1], ['BUY_SEED', 'POTATO', 1], ['BUY_SEED', 'ANIMAL_FEED', 1]]}
2026-08-21 16:15:06 | INFO | day=2 player=0 farmer=(4,4) action={'farmer': ['PASS'], 'hands': [['PLANT', 'WHEAT']], 'market': [['BUY_SEED', 'CORN', 1], ['BUY_SEED', 'POTATO', 1], ['BUY_SEED', 'ANIMAL_FEED', 1]]}
2026-08-21 16:15:06 | INFO | day=2 player=0 farmer=(4,4) action={'farmer': ['PASS'], 'hands': [['PLANT', 'WHEAT']], 'market': [['BUY_SEED', 'CORN', 1], ['BUY_SEED', 'POTATO', 1], ['BUY_SEED', 'ANIMAL_FEED', 1]]}
2026-08-21 16:15:06 | INFO | day=2 player=0 farmer=(4,4) action={'farmer': ['PASS'], 'hands': [['PLANT', 'WHEAT']], 'market': [['BUY_SEED', 'CORN', 1], ['BUY_SEED', 'POTATO', 1], ['BUY_SEED', 'ANIMAL_FEED', 1]]}
2026-08-21 16:15:06 | INFO | day=2 player=0 farmer=(4,4) action={'farmer': ['PASS'], 'hands': [['PLANT', 'WHEAT']], 'market': [['BUY_SEED', 'CORN', 1], ['BUY_SEED', 'POTATO', 1], ['BUY_SEED', 'ANIMAL_FEED', 1]]}
2026-08-21 16:15:06 | INFO | day=2 player=0 farmer=(4,4) action={'farmer': ['PASS'], 'hands': [['PLANT', 'WHEAT']], 'market': [['BUY_SEED', 'CORN', 1], ['BUY_SEED', 'POTATO', 1], ['BUY_SEED', 'ANIMAL_FEED', 1]]}
2026-08-21 16:15:06 | INFO | day=2 player=0 farmer=(4,4) action={'farmer': ['PASS'], 'hands': [['PLANT', 'WHEAT']], 'market': [['BUY_SEED', 'CORN', 1], ['BUY_SEED', 'POTATO', 1], ['BUY_SEED', 'ANIMAL_FEED', 1]]}
2026-08-21 16:15:06 | INFO | day=2 player=0 farmer=(4,4) action={'farmer': ['PASS'], 'hands': [['PLANT', 'WHEAT']], 'market': [['BUY_SEED', 'CORN', 1], ['BUY_SEED', 'POTATO', 1], ['BUY_SEED', 'ANIMAL_FEED', 1]]}
2026-08-21 16:15:06 | INFO | day=2 player=0 farmer=(4,4) action={'farmer': ['PASS'], 'hands': [['PLANT', 'WHEAT']], 'market': [['BUY_SEED', 'CORN', 1], ['BUY_SEED', 'POTATO', 1], ['BUY_SEED', 'ANIMAL_FEED', 1]]}
2026-08-21 16:15:06 | INFO | day=2 player=0 farmer=(4,4) action={'farmer': ['PASS'], 'hands': [['PLANT', 'WHEAT']], 'market': [['BUY_SEED', 'CORN', 1], ['BUY_SEED', 'POTATO', 1], ['BUY_SEED', 'ANIMAL_FEED', 1]]}
2026-08-21 16:15:06 | INFO | day=2 player=0 farmer=(4,4) action={'farmer': ['PASS'], 'hands': [['PLANT', 'WHEAT']], 'market': [['BUY_SEED', 'CORN', 1], ['BUY_SEED', 'POTATO', 1], ['BUY_SEED', 'ANIMAL_FEED', 1]]}
2026-08-21 16:15:06 | INFO | day=2 player=0 farmer=(4,4) action={'farmer': ['PASS'], 'hands': [['PLANT', 'WHEAT']], 'market': [['BUY_SEED', 'CORN', 1], ['BUY_SEED', 'POTATO', 1], ['BUY_SEED', 'ANIMAL_FEED', 1]]}
2026-08-21 16:15:06 | INFO | day=2 player=0 farmer=(4,4) action={'farmer': ['PASS'], 'hands': [['PLANT', 'WHEAT']], 'market': [['BUY_SEED', 'CORN', 1], ['BUY_SEED', 'POTATO', 1], ['BUY_SEED', 'ANIMAL_FEED', 1]]}
2026-08-21 16:15:06 | INFO | day=2 player=0 farmer=(4,4) action={'farmer': ['PASS'], 'hands': [['PLANT', 'WHEAT']], 'market': [['BUY_SEED', 'CORN', 1], ['BUY_SEED', 'POTATO', 1], ['BUY_SEED', 'ANIMAL_FEED', 1]]}
2026-08-21 16:15:06 | INFO | day=2 player=0 farmer=(4,4) action={'farmer': ['PASS'], 'hands': [['PLANT', 'WHEAT']], 'market': [['BUY_SEED', 'CORN', 1], ['BUY_SEED', 'POTATO', 1], ['BUY_SEED', 'ANIMAL_FEED', 1]]}
2026-08-21 16:15:06 | INFO | day=2 player=0 farmer=(4,4) action={'farmer': ['PASS'], 'hands': [['PLANT', 'WHEAT']], 'market': [['BUY_SEED', 'CORN', 1], ['BUY_SEED', 'POTATO', 1], ['BUY_SEED', 'ANIMAL_FEED', 1]]}
2026-08-21 16:15:06 | INFO | day=2 player=0 farmer=(4,4) action={'farmer': ['PASS'], 'hands': [['PLANT', 'WHEAT']], 'market': [['BUY_SEED', 'CORN', 1], ['BUY_SEED', 'POTATO', 1], ['BUY_SEED', 'ANIMAL_FEED', 1]]}
2026-08-21 16:15:06 | INFO | day=2 player=0 farmer=(4,4) action={'farmer': ['PASS'], 'hands': [['PLANT', 'WHEAT']], 'market': [['BUY_SEED', 'CORN', 1], ['BUY_SEED', 'POTATO', 1], ['BUY_SEED', 'ANIMAL_FEED', 1]]}
2026-08-21 16:15:06 | INFO | day=2 player=0 farmer=(4,4) action={'farmer': ['PASS'], 'hands': [['PLANT', 'WHEAT']], 'market': [['BUY_SEED', 'CORN', 1], ['BUY_SEED', 'POTATO', 1], ['BUY_SEED', 'ANIMAL_FEED', 1]]}
2026-08-21 16:15:06 | INFO | day=2 player=0 farmer=(4,4) action={'farmer': ['PASS'], 'hands': [['PLANT', 'WHEAT']], 'market': [['BUY_SEED', 'CORN', 1], ['BUY_SEED', 'POTATO', 1], ['BUY_SEED', 'ANIMAL_FEED', 1]]}
2026-08-21 16:15:06 | INFO | day=3 player=0 farmer=(4,4) action={'farmer': ['PASS'], 'hands': [['PLANT', 'WHEAT']], 'market': [['BUY_SEED', 'CORN', 1], ['BUY_SEED', 'POTATO', 1], ['BUY_SEED', 'ANIMAL_FEED', 1]]}
2026-08-21 16:15:06 | INFO | day=3 player=0 farmer=(4,4) action={'farmer': ['PASS'], 'hands': [['PLANT', 'WHEAT']], 'market': [['BUY_SEED', 'CORN', 1], ['BUY_SEED', 'POTATO', 1], ['BUY_SEED', 'ANIMAL_FEED', 1]]}
2026-08-21 16:15:06 | INFO | day=3 player=0 farmer=(4,4) action={'farmer': ['PASS'], 'hands': [['PLANT', 'WHEAT']], 'market': [['BUY_SEED', 'CORN', 1], ['BUY_SEED', 'POTATO', 1], ['BUY_SEED', 'ANIMAL_FEED', 1]]}
2026-08-21 16:15:06 | INFO | day=3 player=0 farmer=(4,4) action={'farmer': ['PASS'], 'hands': [['PLANT', 'WHEAT']], 'market': [['BUY_SEED', 'CORN', 1], ['BUY_SEED', 'POTATO', 1], ['BUY_SEED', 'ANIMAL_FEED', 1]]}
2026-08-21 16:15:06 | INFO | day=3 player=0 farmer=(4,4) action={'farmer': ['PASS'], 'hands': [['PLANT', 'WHEAT']], 'market': [['BUY_SEED', 'CORN', 1], ['BUY_SEED', 'POTATO', 1], ['BUY_SEED', 'ANIMAL_FEED', 1]]}
2026-08-21 16:15:06 | INFO | day=3 player=0 farmer=(4,4) action={'farmer': ['PASS'], 'hands': [['PLANT', 'WHEAT']], 'market': [['BUY_SEED', 'CORN', 1], ['BUY_SEED', 'POTATO', 1], ['BUY_SEED', 'ANIMAL_FEED', 1]]}
2026-08-21 16:15:06 | INFO | day=3 player=0 farmer=(4,4) action={'farmer': ['PASS'], 'hands': [['PLANT', 'WHEAT']], 'market': [['BUY_SEED', 'CORN', 1], ['BUY_SEED', 'POTATO', 1], ['BUY_SEED', 'ANIMAL_FEED', 1]]}
2026-08-21 16:15:06 | INFO | day=3 player=0 farmer=(4,4) action={'farmer': ['PASS'], 'hands': [['PLANT', 'WHEAT']], 'market': [['BUY_SEED', 'CORN', 1], ['BUY_SEED', 'POTATO', 1], ['BUY_SEED', 'ANIMAL_FEED', 1]]}
2026-08-21 16:15:06 | INFO | day=3 player=0 farmer=(4,4) action={'farmer': ['PASS'], 'hands': [['PLANT', 'WHEAT']], 'market': [['BUY_SEED', 'CORN', 1], ['BUY_SEED', 'POTATO', 1], ['BUY_SEED', 'ANIMAL_FEED', 1]]}
2026-08-21 16:15:06 | INFO | day=3 player=0 farmer=(4,4) action={'farmer': ['PASS'], 'hands': [['PLANT', 'WHEAT']], 'market': [['BUY_SEED', 'CORN', 1], ['BUY_SEED', 'POTATO', 1], ['BUY_SEED', 'ANIMAL_FEED', 1]]}
2026-08-21 16:15:06 | INFO | day=3 player=0 farmer=(4,4) action={'farmer': ['PASS'], 'hands': [['PLANT', 'WHEAT']], 'market': [['BUY_SEED', 'CORN', 1], ['BUY_SEED', 'POTATO', 1], ['BUY_SEED', 'ANIMAL_FEED', 1]]}
2026-08-21 16:15:06 | INFO | day=3 player=0 farmer=(4,4) action={'farmer': ['PASS'], 'hands': [['PLANT', 'WHEAT']], 'market': [['BUY_SEED', 'CORN', 1], ['BUY_SEED', 'POTATO', 1], ['BUY_SEED', 'ANIMAL_FEED', 1]]}
2026-08-21 16:15:06 | INFO | day=3 player=0 farmer=(4,4) action={'farmer': ['PASS'], 'hands': [['PLANT', 'WHEAT']], 'market': [['BUY_SEED', 'CORN', 1], ['BUY_SEED', 'POTATO', 1], ['BUY_SEED', 'ANIMAL_FEED', 1]]}
2026-08-21 16:15:06 | INFO | day=3 player=0 farmer=(4,4) action={'farmer': ['PASS'], 'hands': [['PLANT', 'WHEAT']], 'market': [['BUY_SEED', 'CORN', 1], ['BUY_SEED', 'POTATO', 1], ['BUY_SEED', 'ANIMAL_FEED', 1]]}
2026-08-21 16:15:06 | INFO | day=3 player=0 farmer=(4,4) action={'farmer': ['PASS'], 'hands': [['PLANT', 'WHEAT']], 'market': [['BUY_SEED', 'CORN', 1], ['BUY_SEED', 'POTATO', 1], ['BUY_SEED', 'ANIMAL_FEED', 1]]}
2026-08-21 16:15:06 | INFO | day=3 player=0 farmer=(4,4) action={'farmer': ['PASS'], 'hands': [['PLANT', 'WHEAT']], 'market': [['BUY_SEED', 'CORN', 1], ['BUY_SEED', 'POTATO', 1], ['BUY_SEED', 'ANIMAL_FEED', 1]]}
2026-08-21 16:15:06 | INFO | day=3 player=0 farmer=(4,4) action={'farmer': ['PASS'], 'hands': [['PLANT', 'WHEAT']], 'market': [['BUY_SEED', 'CORN', 1], ['BUY_SEED', 'POTATO', 1], ['BUY_SEED', 'ANIMAL_FEED', 1]]}
2026-08-21 16:15:06 | INFO | day=3 player=0 farmer=(4,4) action={'farmer': ['PASS'], 'hands': [['PLANT', 'WHEAT']], 'market': [['BUY_SEED', 'CORN', 1], ['BUY_SEED', 'POTATO', 1], ['BUY_SEED', 'ANIMAL_FEED', 1]]}
2026-08-21 16:15:06 | INFO | day=3 player=0 farmer=(4,4) action={'farmer': ['PASS'], 'hands': [['PLANT', 'WHEAT']], 'market': [['BUY_SEED', 'CORN', 1], ['BUY_SEED', 'POTATO', 1], ['BUY_SEED', 'ANIMAL_FEED', 1]]}
2026-08-21 16:15:06 | INFO | day=3 player=0 farmer=(4,4) action={'farmer': ['PASS'], 'hands': [['PLANT', 'WHEAT']], 'market': [['BUY_SEED', 'CORN', 1], ['BUY_SEED', 'POTATO', 1], ['BUY_SEED', 'ANIMAL_FEED', 1]]}
2026-08-21 16:15:06 | INFO | day=3 player=0 farmer=(4,4) action={'farmer': ['PASS'], 'hands': [['PLANT', 'WHEAT']], 'market': [['BUY_SEED', 'CORN', 1], ['BUY_SEED', 'POTATO', 1], ['BUY_SEED', 'ANIMAL_FEED', 1]]}
2026-08-21 16:15:06 | INFO | day=3 player=0 farmer=(4,4) action={'farmer': ['PASS'], 'hands': [['PLANT', 'WHEAT']], 'market': [['BUY_SEED', 'CORN', 1], ['BUY_SEED', 'POTATO', 1], ['BUY_SEED', 'ANIMAL_FEED', 1]]}
2026-08-21 16:15:06 | INFO | day=3 player=0 farmer=(4,4) action={'farmer': ['PASS'], 'hands': [['PLANT', 'WHEAT']], 'market': [['BUY_SEED', 'CORN', 1], ['BUY_SEED', 'POTATO', 1], ['BUY_SEED', 'ANIMAL_FEED', 1]]}
2026-08-21 16:15:06 | INFO | day=3 player=0 farmer=(4,4) action={'farmer': ['PASS'], 'hands': [['PLANT', 'WHEAT']], 'market': [['BUY_SEED', 'CORN', 1], ['BUY_SEED', 'POTATO', 1], ['BUY_SEED', 'ANIMAL_FEED', 1]]}
2026-08-21 16:15:06 | INFO | day=4 player=0 farmer=(4,4) action={'farmer': ['PASS'], 'hands': [['PLANT', 'WHEAT']], 'market': [['BUY_SEED', 'CORN', 1], ['BUY_SEED', 'POTATO', 1], ['BUY_SEED', 'ANIMAL_FEED', 1]]}
2026-08-21 16:15:06 | INFO | day=4 player=0 farmer=(4,4) action={'farmer': ['PASS'], 'hands': [['PLANT', 'WHEAT']], 'market': [['BUY_SEED', 'CORN', 1], ['BUY_SEED', 'POTATO', 1], ['BUY_SEED', 'ANIMAL_FEED', 1]]}
2026-08-21 16:15:06 | INFO | day=4 player=0 farmer=(4,4) action={'farmer': ['PASS'], 'hands': [['PLANT', 'WHEAT']], 'market': [['BUY_SEED', 'CORN', 1], ['BUY_SEED', 'POTATO', 1], ['BUY_SEED', 'ANIMAL_FEED', 1]]}
2026-08-21 16:15:06 | INFO | day=4 player=0 farmer=(4,4) action={'farmer': ['PASS'], 'hands': [['PLANT', 'WHEAT']], 'market': [['BUY_SEED', 'CORN', 1], ['BUY_SEED', 'POTATO', 1], ['BUY_SEED', 'ANIMAL_FEED', 1]]}
2026-08-21 16:15:06 | INFO | day=4 player=0 farmer=(4,4) action={'farmer': ['PASS'], 'hands': [['PLANT', 'WHEAT']], 'market': [['BUY_SEED', 'CORN', 1], ['BUY_SEED', 'POTATO', 1], ['BUY_SEED', 'ANIMAL_FEED', 1]]}
2026-08-21 16:15:06 | INFO | day=4 player=0 farmer=(4,4) action={'farmer': ['PASS'], 'hands': [['PLANT', 'WHEAT']], 'market': [['BUY_SEED', 'CORN', 1], ['BUY_SEED', 'POTATO', 1], ['BUY_SEED', 'ANIMAL_FEED', 1]]}
2026-08-21 16:15:06 | INFO | day=4 player=0 farmer=(4,4) action={'farmer': ['PASS'], 'hands': [['PLANT', 'WHEAT']], 'market': [['BUY_SEED', 'CORN', 1], ['BUY_SEED', 'POTATO', 1], ['BUY_SEED', 'ANIMAL_FEED', 1]]}
2026-08-21 16:15:06 | INFO | day=4 player=0 farmer=(4,4) action={'farmer': ['PASS'], 'hands': [['PLANT', 'WHEAT']], 'market': [['BUY_SEED', 'CORN', 1], ['BUY_SEED', 'POTATO', 1], ['BUY_SEED', 'ANIMAL_FEED', 1]]}
2026-08-21 16:15:06 | INFO | day=4 player=0 farmer=(4,4) action={'farmer': ['PASS'], 'hands': [['PLANT', 'WHEAT']], 'market': [['BUY_SEED', 'CORN', 1], ['BUY_SEED', 'POTATO', 1], ['BUY_SEED', 'ANIMAL_FEED', 1]]}
2026-08-21 16:15:06 | INFO | day=4 player=0 farmer=(4,4) action={'farmer': ['PASS'], 'hands': [['PLANT', 'WHEAT']], 'market': [['BUY_SEED', 'CORN', 1], ['BUY_SEED', 'POTATO', 1], ['BUY_SEED', 'ANIMAL_FEED', 1]]}
2026-08-21 16:15:06 | INFO | day=4 player=0 farmer=(4,4) action={'farmer': ['PASS'], 'hands': [['PLANT', 'WHEAT']], 'market': [['BUY_SEED', 'CORN', 1], ['BUY_SEED', 'POTATO', 1], ['BUY_SEED', 'ANIMAL_FEED', 1]]}
2026-08-21 16:15:06 | INFO | day=4 player=0 farmer=(4,4) action={'farmer': ['PASS'], 'hands': [['PLANT', 'WHEAT']], 'market': [['BUY_SEED', 'CORN', 1], ['BUY_SEED', 'POTATO', 1], ['BUY_SEED', 'ANIMAL_FEED', 1]]}
2026-08-21 16:15:06 | INFO | day=4 player=0 farmer=(4,4) action={'farmer': ['PASS'], 'hands': [['PLANT', 'WHEAT']], 'market': [['BUY_SEED', 'CORN', 1], ['BUY_SEED', 'POTATO', 1], ['BUY_SEED', 'ANIMAL_FEED', 1]]}
2026-08-21 16:15:06 | INFO | day=4 player=0 farmer=(4,4) action={'farmer': ['PASS'], 'hands': [['PLANT', 'WHEAT']], 'market': [['BUY_SEED', 'CORN', 1], ['BUY_SEED', 'POTATO', 1], ['BUY_SEED', 'ANIMAL_FEED', 1]]}
2026-08-21 16:15:06 | INFO | day=4 player=0 farmer=(4,4) action={'farmer': ['PASS'], 'hands': [['PLANT', 'WHEAT']], 'market': [['BUY_SEED', 'CORN', 1], ['BUY_SEED', 'POTATO', 1], ['BUY_SEED', 'ANIMAL_FEED', 1]]}
2026-08-21 16:15:06 | INFO | day=4 player=0 farmer=(4,4) action={'farmer': ['PASS'], 'hands': [['PLANT', 'WHEAT']], 'market': [['BUY_SEED', 'CORN', 1], ['BUY_SEED', 'POTATO', 1], ['BUY_SEED', 'ANIMAL_FEED', 1]]}
2026-08-21 16:15:06 | INFO | day=4 player=0 farmer=(4,4) action={'farmer': ['PASS'], 'hands': [['PLANT', 'WHEAT']], 'market': [['BUY_SEED', 'CORN', 1], ['BUY_SEED', 'POTATO', 1], ['BUY_SEED', 'ANIMAL_FEED', 1]]}
2026-08-21 16:15:06 | INFO | day=4 player=0 farmer=(4,4) action={'farmer': ['PASS'], 'hands': [['PLANT', 'WHEAT']], 'market': [['BUY_SEED', 'CORN', 1], ['BUY_SEED', 'POTATO', 1], ['BUY_SEED', 'ANIMAL_FEED', 1]]}
2026-08-21 16:15:06 | INFO | day=4 player=0 farmer=(4,4) action={'farmer': ['PASS'], 'hands': [['PLANT', 'WHEAT']], 'market': [['BUY_SEED', 'CORN', 1], ['BUY_SEED', 'POTATO', 1], ['BUY_SEED', 'ANIMAL_FEED', 1]]}
2026-08-21 16:15:06 | INFO | day=4 player=0 farmer=(4,4) action={'farmer': ['PASS'], 'hands': [['PLANT', 'WHEAT']], 'market': [['BUY_SEED', 'CORN', 1], ['BUY_SEED', 'POTATO', 1], ['BUY_SEED', 'ANIMAL_FEED', 1]]}
2026-08-21 16:15:06 | INFO | day=4 player=0 farmer=(4,4) action={'farmer': ['PASS'], 'hands': [['PLANT', 'WHEAT']], 'market': [['BUY_SEED', 'CORN', 1], ['BUY_SEED', 'POTATO', 1], ['BUY_SEED', 'ANIMAL_FEED', 1]]}
2026-08-21 16:15:06 | INFO | day=4 player=0 farmer=(4,4) action={'farmer': ['PASS'], 'hands': [['PLANT', 'WHEAT']], 'market': [['BUY_SEED', 'CORN', 1], ['BUY_SEED', 'POTATO', 1], ['BUY_SEED', 'ANIMAL_FEED', 1]]}
2026-08-21 16:15:07 | INFO | day=4 player=0 farmer=(4,4) action={'farmer': ['PASS'], 'hands': [['PLANT', 'WHEAT']], 'market': [['BUY_SEED', 'CORN', 1], ['BUY_SEED', 'POTATO', 1], ['BUY_SEED', 'ANIMAL_FEED', 1]]}
2026-08-21 16:15:07 | INFO | day=4 player=0 farmer=(4,4) action={'farmer': ['PASS'], 'hands': [['PLANT', 'WHEAT']], 'market': [['BUY_SEED', 'CORN', 1], ['BUY_SEED', 'POTATO', 1], ['BUY_SEED', 'ANIMAL_FEED', 1]]}
2026-08-21 16:15:07 | INFO | day=5 player=0 farmer=(4,4) action={'farmer': ['PASS'], 'hands': [['PLANT', 'WHEAT']], 'market': [['BUY_SEED', 'CORN', 1], ['BUY_SEED', 'POTATO', 1], ['BUY_SEED', 'ANIMAL_FEED', 1]]}
2026-08-21 16:15:07 | INFO | day=5 player=0 farmer=(4,4) action={'farmer': ['PASS'], 'hands': [['PLANT', 'WHEAT']], 'market': [['BUY_SEED', 'CORN', 1], ['BUY_SEED', 'POTATO', 1], ['BUY_SEED', 'ANIMAL_FEED', 1]]}
2026-08-21 16:15:07 | INFO | day=5 player=0 farmer=(4,4) action={'farmer': ['PASS'], 'hands': [['PLANT', 'WHEAT']], 'market': [['BUY_SEED', 'CORN', 1], ['BUY_SEED', 'POTATO', 1], ['BUY_SEED', 'ANIMAL_FEED', 1]]}
2026-08-21 16:15:07 | INFO | day=5 player=0 farmer=(4,4) action={'farmer': ['PASS'], 'hands': [['PLANT', 'WHEAT']], 'market': [['BUY_SEED', 'CORN', 1], ['BUY_SEED', 'POTATO', 1], ['BUY_SEED', 'ANIMAL_FEED', 1]]}
2026-08-21 16:15:07 | INFO | day=5 player=0 farmer=(4,4) action={'farmer': ['PASS'], 'hands': [['PLANT', 'WHEAT']], 'market': [['BUY_SEED', 'CORN', 1], ['BUY_SEED', 'POTATO', 1], ['BUY_SEED', 'ANIMAL_FEED', 1]]}
2026-08-21 16:15:07 | INFO | day=5 player=0 farmer=(4,4) action={'farmer': ['PASS'], 'hands': [['PLANT', 'WHEAT']], 'market': [['BUY_SEED', 'CORN', 1], ['BUY_SEED', 'POTATO', 1], ['BUY_SEED', 'ANIMAL_FEED', 1]]}
2026-08-21 16:15:07 | INFO | day=5 player=0 farmer=(4,4) action={'farmer': ['PASS'], 'hands': [['PLANT', 'WHEAT']], 'market': [['BUY_SEED', 'CORN', 1], ['BUY_SEED', 'POTATO', 1], ['BUY_SEED', 'ANIMAL_FEED', 1]]}
2026-08-21 16:15:07 | INFO | day=5 player=0 farmer=(4,4) action={'farmer': ['PASS'], 'hands': [['PLANT', 'WHEAT']], 'market': [['BUY_SEED', 'CORN', 1], ['BUY_SEED', 'POTATO', 1], ['BUY_SEED', 'ANIMAL_FEED', 1]]}
2026-08-21 16:15:07 | INFO | day=5 player=0 farmer=(4,4) action={'farmer': ['PASS'], 'hands': [['PLANT', 'WHEAT']], 'market': [['BUY_SEED', 'CORN', 1], ['BUY_SEED', 'POTATO', 1], ['BUY_SEED', 'ANIMAL_FEED', 1]]}
2026-08-21 16:15:07 | INFO | day=5 player=0 farmer=(4,4) action={'farmer': ['PASS'], 'hands': [['PLANT', 'WHEAT']], 'market': [['BUY_SEED', 'CORN', 1], ['BUY_SEED', 'POTATO', 1], ['BUY_SEED', 'ANIMAL_FEED', 1]]}
2026-08-21 16:15:07 | INFO | day=5 player=0 farmer=(4,4) action={'farmer': ['PASS'], 'hands': [['PLANT', 'WHEAT']], 'market': [['BUY_SEED', 'CORN', 1], ['BUY_SEED', 'POTATO', 1], ['BUY_SEED', 'ANIMAL_FEED', 1]]}
2026-08-21 16:15:07 | INFO | day=5 player=0 farmer=(4,4) action={'farmer': ['PASS'], 'hands': [['PLANT', 'WHEAT']], 'market': [['BUY_SEED', 'CORN', 1], ['BUY_SEED', 'POTATO', 1], ['BUY_SEED', 'ANIMAL_FEED', 1]]}
2026-08-21 16:15:07 | INFO | day=5 player=0 farmer=(4,4) action={'farmer': ['PASS'], 'hands': [['PLANT', 'WHEAT']], 'market': [['BUY_SEED', 'CORN', 1], ['BUY_SEED', 'POTATO', 1], ['BUY_SEED', 'ANIMAL_FEED', 1]]}
2026-08-21 16:15:07 | INFO | day=5 player=0 farmer=(4,4) action={'farmer': ['PASS'], 'hands': [['PLANT', 'WHEAT']], 'market': [['BUY_SEED', 'CORN', 1], ['BUY_SEED', 'POTATO', 1], ['BUY_SEED', 'ANIMAL_FEED', 1]]}
2026-08-21 16:15:07 | INFO | day=5 player=0 farmer=(4,4) action={'farmer': ['PASS'], 'hands': [['PLANT', 'WHEAT']], 'market': [['BUY_SEED', 'CORN', 1], ['BUY_SEED', 'POTATO', 1], ['BUY_SEED', 'ANIMAL_FEED', 1]]}
2026-08-21 16:15:07 | INFO | day=5 player=0 farmer=(4,4) action={'farmer': ['PASS'], 'hands': [['PLANT', 'WHEAT']], 'market': [['BUY_SEED', 'CORN', 1], ['BUY_SEED', 'POTATO', 1], ['BUY_SEED', 'ANIMAL_FEED', 1]]}
2026-08-21 16:15:07 | INFO | day=5 player=0 farmer=(4,4) action={'farmer': ['PASS'], 'hands': [['PLANT', 'WHEAT']], 'market': [['BUY_SEED', 'CORN', 1], ['BUY_SEED', 'POTATO', 1], ['BUY_SEED', 'ANIMAL_FEED', 1]]}
2026-08-21 16:15:07 | INFO | day=5 player=0 farmer=(4,4) action={'farmer': ['PASS'], 'hands': [['PLANT', 'WHEAT']], 'market': [['BUY_SEED', 'CORN', 1], ['BUY_SEED', 'POTATO', 1], ['BUY_SEED', 'ANIMAL_FEED', 1]]}
2026-08-21 16:15:07 | INFO | day=5 player=0 farmer=(4,4) action={'farmer': ['PASS'], 'hands': [['PLANT', 'WHEAT']], 'market': [['BUY_SEED', 'CORN', 1], ['BUY_SEED', 'POTATO', 1], ['BUY_SEED', 'ANIMAL_FEED', 1]]}
2026-08-21 16:15:07 | INFO | day=5 player=0 farmer=(4,4) action={'farmer': ['PASS'], 'hands': [['PLANT', 'WHEAT']], 'market': [['BUY_SEED', 'CORN', 1], ['BUY_SEED', 'POTATO', 1], ['BUY_SEED', 'ANIMAL_FEED', 1]]}
2026-08-21 16:15:07 | INFO | day=5 player=0 farmer=(4,4) action={'farmer': ['PASS'], 'hands': [['PLANT', 'WHEAT']], 'market': [['BUY_SEED', 'CORN', 1], ['BUY_SEED', 'POTATO', 1], ['BUY_SEED', 'ANIMAL_FEED', 1]]}
2026-08-21 16:15:07 | INFO | day=5 player=0 farmer=(4,4) action={'farmer': ['PASS'], 'hands': [['PLANT', 'WHEAT']], 'market': [['BUY_SEED', 'CORN', 1], ['BUY_SEED', 'POTATO', 1], ['BUY_SEED', 'ANIMAL_FEED', 1]]}
2026-08-21 16:15:07 | INFO | day=5 player=0 farmer=(4,4) action={'farmer': ['PASS'], 'hands': [['PLANT', 'WHEAT']], 'market': [['BUY_SEED', 'CORN', 1], ['BUY_SEED', 'POTATO', 1], ['BUY_SEED', 'ANIMAL_FEED', 1]]}
2026-08-21 16:15:07 | INFO | day=5 player=0 farmer=(4,4) action={'farmer': ['PASS'], 'hands': [['PLANT', 'WHEAT']], 'market': [['BUY_SEED', 'CORN', 1], ['BUY_SEED', 'POTATO', 1], ['BUY_SEED', 'ANIMAL_FEED', 1]]}
2026-08-21 16:15:07 | INFO | day=6 player=0 farmer=(4,4) action={'farmer': ['PASS'], 'hands': [['PLANT', 'WHEAT']], 'market': [['BUY_SEED', 'CORN', 1], ['BUY_SEED', 'POTATO', 1], ['BUY_SEED', 'ANIMAL_FEED', 1]]}
2026-08-21 16:15:07 | INFO | day=6 player=0 farmer=(4,4) action={'farmer': ['PASS'], 'hands': [['PLANT', 'WHEAT']], 'market': [['BUY_SEED', 'CORN', 1], ['BUY_SEED', 'POTATO', 1], ['BUY_SEED', 'ANIMAL_FEED', 1]]}
2026-08-21 16:15:07 | INFO | day=6 player=0 farmer=(4,4) action={'farmer': ['PASS'], 'hands': [['PLANT', 'WHEAT']], 'market': [['BUY_SEED', 'CORN', 1], ['BUY_SEED', 'POTATO', 1], ['BUY_SEED', 'ANIMAL_FEED', 1]]}
2026-08-21 16:15:07 | INFO | day=6 player=0 farmer=(4,4) action={'farmer': ['PASS'], 'hands': [['PLANT', 'WHEAT']], 'market': [['BUY_SEED', 'CORN', 1], ['BUY_SEED', 'POTATO', 1], ['BUY_SEED', 'ANIMAL_FEED', 1]]}
2026-08-21 16:15:07 | INFO | day=6 player=0 farmer=(4,4) action={'farmer': ['PASS'], 'hands': [['PLANT', 'WHEAT']], 'market': [['BUY_SEED', 'CORN', 1], ['BUY_SEED', 'POTATO', 1], ['BUY_SEED', 'ANIMAL_FEED', 1]]}
2026-08-21 16:15:07 | INFO | day=6 player=0 farmer=(4,4) action={'farmer': ['PASS'], 'hands': [['PLANT', 'WHEAT']], 'market': [['BUY_SEED', 'CORN', 1], ['BUY_SEED', 'POTATO', 1], ['BUY_SEED', 'ANIMAL_FEED', 1]]}
2026-08-21 16:15:07 | INFO | day=6 player=0 farmer=(4,4) action={'farmer': ['PASS'], 'hands': [['PLANT', 'WHEAT']], 'market': [['BUY_SEED', 'CORN', 1], ['BUY_SEED', 'POTATO', 1], ['BUY_SEED', 'ANIMAL_FEED', 1]]}
2026-08-21 16:15:07 | INFO | day=6 player=0 farmer=(4,4) action={'farmer': ['PASS'], 'hands': [['PLANT', 'WHEAT']], 'market': [['BUY_SEED', 'CORN', 1], ['BUY_SEED', 'POTATO', 1], ['BUY_SEED', 'ANIMAL_FEED', 1]]}
2026-08-21 16:15:07 | INFO | day=6 player=0 farmer=(4,4) action={'farmer': ['PASS'], 'hands': [['PLANT', 'WHEAT']], 'market': [['BUY_SEED', 'CORN', 1], ['BUY_SEED', 'POTATO', 1], ['BUY_SEED', 'ANIMAL_FEED', 1]]}
2026-08-21 16:15:07 | INFO | day=6 player=0 farmer=(4,4) action={'farmer': ['PASS'], 'hands': [['PLANT', 'WHEAT']], 'market': [['BUY_SEED', 'CORN', 1], ['BUY_SEED', 'POTATO', 1], ['BUY_SEED', 'ANIMAL_FEED', 1]]}
2026-08-21 16:15:07 | INFO | day=6 player=0 farmer=(4,4) action={'farmer': ['PASS'], 'hands': [['PLANT', 'WHEAT']], 'market': [['BUY_SEED', 'CORN', 1], ['BUY_SEED', 'POTATO', 1], ['BUY_SEED', 'ANIMAL_FEED', 1]]}
2026-08-21 16:15:07 | INFO | day=6 player=0 farmer=(4,4) action={'farmer': ['PASS'], 'hands': [['PLANT', 'WHEAT']], 'market': [['BUY_SEED', 'CORN', 1], ['BUY_SEED', 'POTATO', 1], ['BUY_SEED', 'ANIMAL_FEED', 1]]}
2026-08-21 16:15:07 | INFO | day=6 player=0 farmer=(4,4) action={'farmer': ['PASS'], 'hands': [['PLANT', 'WHEAT']], 'market': [['BUY_SEED', 'CORN', 1], ['BUY_SEED', 'POTATO', 1], ['BUY_SEED', 'ANIMAL_FEED', 1]]}
2026-08-21 16:15:07 | INFO | day=6 player=0 farmer=(4,4) action={'farmer': ['PASS'], 'hands': [['PLANT', 'WHEAT']], 'market': [['BUY_SEED', 'CORN', 1], ['BUY_SEED', 'POTATO', 1], ['BUY_SEED', 'ANIMAL_FEED', 1]]}
2026-08-21 16:15:07 | INFO | day=6 player=0 farmer=(4,4) action={'farmer': ['PASS'], 'hands': [['PLANT', 'WHEAT']], 'market': [['BUY_SEED', 'CORN', 1], ['BUY_SEED', 'POTATO', 1], ['BUY_SEED', 'ANIMAL_FEED', 1]]}
2026-08-21 16:15:07 | INFO | day=6 player=0 farmer=(4,4) action={'farmer': ['PASS'], 'hands': [['PLANT', 'WHEAT']], 'market': [['BUY_SEED', 'CORN', 1], ['BUY_SEED', 'POTATO', 1], ['BUY_SEED', 'ANIMAL_FEED', 1]]}
2026-08-21 16:15:07 | INFO | day=6 player=0 farmer=(4,4) action={'farmer': ['PASS'], 'hands': [['PLANT', 'WHEAT']], 'market': [['BUY_SEED', 'CORN', 1], ['BUY_SEED', 'POTATO', 1], ['BUY_SEED', 'ANIMAL_FEED', 1]]}
2026-08-21 16:15:07 | INFO | day=6 player=0 farmer=(4,4) action={'farmer': ['PASS'], 'hands': [['PLANT', 'WHEAT']], 'market': [['BUY_SEED', 'CORN', 1], ['BUY_SEED', 'POTATO', 1], ['BUY_SEED', 'ANIMAL_FEED', 1]]}
2026-08-21 16:15:07 | INFO | day=6 player=0 farmer=(4,4) action={'farmer': ['PASS'], 'hands': [['PLANT', 'WHEAT']], 'market': [['BUY_SEED', 'CORN', 1], ['BUY_SEED', 'POTATO', 1], ['BUY_SEED', 'ANIMAL_FEED', 1]]}
2026-08-21 16:15:07 | INFO | day=6 player=0 farmer=(4,4) action={'farmer': ['PASS'], 'hands': [['PLANT', 'WHEAT']], 'market': [['BUY_SEED', 'CORN', 1], ['BUY_SEED', 'POTATO', 1], ['BUY_SEED', 'ANIMAL_FEED', 1]]}
2026-08-21 16:15:07 | INFO | day=6 player=0 farmer=(4,4) action={'farmer': ['PASS'], 'hands': [['PLANT', 'WHEAT']], 'market': [['BUY_SEED', 'CORN', 1], ['BUY_SEED', 'POTATO', 1], ['BUY_SEED', 'ANIMAL_FEED', 1]]}
2026-08-21 16:15:07 | INFO | day=6 player=0 farmer=(4,4) action={'farmer': ['PASS'], 'hands': [['PLANT', 'WHEAT']], 'market': [['BUY_SEED', 'CORN', 1], ['BUY_SEED', 'POTATO', 1], ['BUY_SEED', 'ANIMAL_FEED', 1]]}
2026-08-21 16:15:07 | INFO | day=6 player=0 farmer=(4,4) action={'farmer': ['PASS'], 'hands': [['PLANT', 'WHEAT']], 'market': [['BUY_SEED', 'CORN', 1], ['BUY_SEED', 'POTATO', 1], ['BUY_SEED', 'ANIMAL_FEED', 1]]}
2026-08-21 16:15:07 | INFO | day=6 player=0 farmer=(4,4) action={'farmer': ['PASS'], 'hands': [['PLANT', 'WHEAT']], 'market': [['BUY_SEED', 'CORN', 1], ['BUY_SEED', 'POTATO', 1], ['BUY_SEED', 'ANIMAL_FEED', 1]]}
2026-08-21 16:15:07 | INFO | day=7 player=0 farmer=(4,4) action={'farmer': ['PASS'], 'hands': [['PLANT', 'WHEAT']], 'market': [['BUY_SEED', 'CORN', 1], ['BUY_SEED', 'POTATO', 1], ['BUY_SEED', 'ANIMAL_FEED', 1]]}
2026-08-21 16:15:07 | INFO | day=7 player=0 farmer=(4,4) action={'farmer': ['PASS'], 'hands': [['PLANT', 'WHEAT']], 'market': [['BUY_SEED', 'CORN', 1], ['BUY_SEED', 'POTATO', 1], ['BUY_SEED', 'ANIMAL_FEED', 1]]}
2026-08-21 16:15:07 | INFO | day=7 player=0 farmer=(4,4) action={'farmer': ['PASS'], 'hands': [['PLANT', 'WHEAT']], 'market': [['BUY_SEED', 'CORN', 1], ['BUY_SEED', 'POTATO', 1], ['BUY_SEED', 'ANIMAL_FEED', 1]]}
2026-08-21 16:15:07 | INFO | day=7 player=0 farmer=(4,4) action={'farmer': ['PASS'], 'hands': [['PLANT', 'WHEAT']], 'market': [['BUY_SEED', 'CORN', 1], ['BUY_SEED', 'POTATO', 1], ['BUY_SEED', 'ANIMAL_FEED', 1]]}
2026-08-21 16:15:07 | INFO | day=7 player=0 farmer=(4,4) action={'farmer': ['PASS'], 'hands': [['PLANT', 'WHEAT']], 'market': [['BUY_SEED', 'CORN', 1], ['BUY_SEED', 'POTATO', 1], ['BUY_SEED', 'ANIMAL_FEED', 1]]}
2026-08-21 16:15:07 | INFO | day=7 player=0 farmer=(4,4) action={'farmer': ['PASS'], 'hands': [['PLANT', 'WHEAT']], 'market': [['BUY_SEED', 'CORN', 1], ['BUY_SEED', 'POTATO', 1], ['BUY_SEED', 'ANIMAL_FEED', 1]]}
2026-08-21 16:15:07 | INFO | day=7 player=0 farmer=(4,4) action={'farmer': ['PASS'], 'hands': [['PLANT', 'WHEAT']], 'market': [['BUY_SEED', 'CORN', 1], ['BUY_SEED', 'POTATO', 1], ['BUY_SEED', 'ANIMAL_FEED', 1]]}
2026-08-21 16:15:07 | INFO | day=7 player=0 farmer=(4,4) action={'farmer': ['PASS'], 'hands': [['PLANT', 'WHEAT']], 'market': [['BUY_SEED', 'CORN', 1], ['BUY_SEED', 'POTATO', 1], ['BUY_SEED', 'ANIMAL_FEED', 1]]}
2026-08-21 16:15:07 | INFO | day=7 player=0 farmer=(4,4) action={'farmer': ['PASS'], 'hands': [['PLANT', 'WHEAT']], 'market': [['BUY_SEED', 'CORN', 1], ['BUY_SEED', 'POTATO', 1], ['BUY_SEED', 'ANIMAL_FEED', 1]]}
2026-08-21 16:15:07 | INFO | day=7 player=0 farmer=(4,4) action={'farmer': ['PASS'], 'hands': [['PLANT', 'WHEAT']], 'market': [['BUY_SEED', 'CORN', 1], ['BUY_SEED', 'POTATO', 1], ['BUY_SEED', 'ANIMAL_FEED', 1]]}
2026-08-21 16:15:07 | INFO | day=7 player=0 farmer=(4,4) action={'farmer': ['PASS'], 'hands': [['PLANT', 'WHEAT']], 'market': [['BUY_SEED', 'CORN', 1], ['BUY_SEED', 'POTATO', 1], ['BUY_SEED', 'ANIMAL_FEED', 1]]}
2026-08-21 16:15:07 | INFO | day=7 player=0 farmer=(4,4) action={'farmer': ['PASS'], 'hands': [['PLANT', 'WHEAT']], 'market': [['BUY_SEED', 'CORN', 1], ['BUY_SEED', 'POTATO', 1], ['BUY_SEED', 'ANIMAL_FEED', 1]]}
2026-08-21 16:15:07 | INFO | day=7 player=0 farmer=(4,4) action={'farmer': ['PASS'], 'hands': [['PLANT', 'WHEAT']], 'market': [['BUY_SEED', 'CORN', 1], ['BUY_SEED', 'POTATO', 1], ['BUY_SEED', 'ANIMAL_FEED', 1]]}
2026-08-21 16:15:07 | INFO | day=7 player=0 farmer=(4,4) action={'farmer': ['PASS'], 'hands': [['PLANT', 'WHEAT']], 'market': [['BUY_SEED', 'CORN', 1], ['BUY_SEED', 'POTATO', 1], ['BUY_SEED', 'ANIMAL_FEED', 1]]}
2026-08-21 16:15:07 | INFO | day=7 player=0 farmer=(4,4) action={'farmer': ['PASS'], 'hands': [['PLANT', 'WHEAT']], 'market': [['BUY_SEED', 'CORN', 1], ['BUY_SEED', 'POTATO', 1], ['BUY_SEED', 'ANIMAL_FEED', 1]]}
2026-08-21 16:15:07 | INFO | day=7 player=0 farmer=(4,4) action={'farmer': ['PASS'], 'hands': [['PLANT', 'WHEAT']], 'market': [['BUY_SEED', 'CORN', 1], ['BUY_SEED', 'POTATO', 1], ['BUY_SEED', 'ANIMAL_FEED', 1]]}
2026-08-21 16:15:07 | INFO | day=7 player=0 farmer=(4,4) action={'farmer': ['PASS'], 'hands': [['PLANT', 'WHEAT']], 'market': [['BUY_SEED', 'CORN', 1], ['BUY_SEED', 'POTATO', 1], ['BUY_SEED', 'ANIMAL_FEED', 1]]}
2026-08-21 16:15:07 | INFO | day=7 player=0 farmer=(4,4) action={'farmer': ['PASS'], 'hands': [['PLANT', 'WHEAT']], 'market': [['BUY_SEED', 'CORN', 1], ['BUY_SEED', 'POTATO', 1], ['BUY_SEED', 'ANIMAL_FEED', 1]]}
2026-08-21 16:15:07 | INFO | day=7 player=0 farmer=(4,4) action={'farmer': ['PASS'], 'hands': [['PLANT', 'WHEAT']], 'market': [['BUY_SEED', 'CORN', 1], ['BUY_SEED', 'POTATO', 1], ['BUY_SEED', 'ANIMAL_FEED', 1]]}
2026-08-21 16:15:07 | INFO | day=7 player=0 farmer=(4,4) action={'farmer': ['PASS'], 'hands': [['PLANT', 'WHEAT']], 'market': [['BUY_SEED', 'CORN', 1], ['BUY_SEED', 'POTATO', 1], ['BUY_SEED', 'ANIMAL_FEED', 1]]}
2026-08-21 16:15:07 | INFO | day=7 player=0 farmer=(4,4) action={'farmer': ['PASS'], 'hands': [['PLANT', 'WHEAT']], 'market': [['BUY_SEED', 'CORN', 1], ['BUY_SEED', 'POTATO', 1], ['BUY_SEED', 'ANIMAL_FEED', 1]]}
2026-08-21 16:15:07 | INFO | day=7 player=0 farmer=(4,4) action={'farmer': ['PASS'], 'hands': [['PLANT', 'WHEAT']], 'market': [['BUY_SEED', 'CORN', 1], ['BUY_SEED', 'POTATO', 1], ['BUY_SEED', 'ANIMAL_FEED', 1]]}
2026-08-21 16:15:07 | INFO | day=7 player=0 farmer=(4,4) action={'farmer': ['PASS'], 'hands': [['PLANT', 'WHEAT']], 'market': [['BUY_SEED', 'CORN', 1], ['BUY_SEED', 'POTATO', 1], ['BUY_SEED', 'ANIMAL_FEED', 1]]}
2026-08-21 16:15:07 | INFO | day=7 player=0 farmer=(4,4) action={'farmer': ['PASS'], 'hands': [['PLANT', 'WHEAT']], 'market': [['BUY_SEED', 'CORN', 1], ['BUY_SEED', 'POTATO', 1], ['BUY_SEED', 'ANIMAL_FEED', 1]]}
2026-08-21 16:15:07 | INFO | day=8 player=0 farmer=(4,4) action={'farmer': ['PASS'], 'hands': [['PLANT', 'WHEAT']], 'market': [['BUY_SEED', 'CORN', 1], ['BUY_SEED', 'POTATO', 1], ['BUY_SEED', 'ANIMAL_FEED', 1]]}
2026-08-21 16:15:07 | INFO | day=8 player=0 farmer=(4,4) action={'farmer': ['PASS'], 'hands': [['PLANT', 'WHEAT']], 'market': [['BUY_SEED', 'CORN', 1], ['BUY_SEED', 'POTATO', 1], ['BUY_SEED', 'ANIMAL_FEED', 1]]}
2026-08-21 16:15:07 | INFO | day=8 player=0 farmer=(4,4) action={'farmer': ['PASS'], 'hands': [['PLANT', 'WHEAT']], 'market': [['BUY_SEED', 'CORN', 1], ['BUY_SEED', 'POTATO', 1], ['BUY_SEED', 'ANIMAL_FEED', 1]]}
2026-08-21 16:15:07 | INFO | day=8 player=0 farmer=(4,4) action={'farmer': ['PASS'], 'hands': [['PLANT', 'WHEAT']], 'market': [['BUY_SEED', 'CORN', 1], ['BUY_SEED', 'POTATO', 1], ['BUY_SEED', 'ANIMAL_FEED', 1]]}
2026-08-21 16:15:07 | INFO | day=8 player=0 farmer=(4,4) action={'farmer': ['PASS'], 'hands': [['PLANT', 'WHEAT']], 'market': [['BUY_SEED', 'CORN', 1], ['BUY_SEED', 'POTATO', 1], ['BUY_SEED', 'ANIMAL_FEED', 1]]}
2026-08-21 16:15:07 | INFO | day=8 player=0 farmer=(4,4) action={'farmer': ['PASS'], 'hands': [['PLANT', 'WHEAT']], 'market': [['BUY_SEED', 'CORN', 1], ['BUY_SEED', 'POTATO', 1], ['BUY_SEED', 'ANIMAL_FEED', 1]]}
2026-08-21 16:15:07 | INFO | day=8 player=0 farmer=(4,4) action={'farmer': ['PASS'], 'hands': [['PLANT', 'WHEAT']], 'market': [['BUY_SEED', 'CORN', 1], ['BUY_SEED', 'POTATO', 1], ['BUY_SEED', 'ANIMAL_FEED', 1]]}
2026-08-21 16:30:47 | INFO | day=0 player=0 farmer=(0,0) action={'farmer': ['PASS'], 'hands': [['PLANT', 'WHEAT']], 'market': [['BUY_SEED', 'CORN', 1], ['BUY_SEED', 'TOMATO', 1], ['BUY_SEED', 'POTATO', 1]]}
2026-08-21 16:30:47 | INFO | strategy_summary=Day 0 | Money: $100
Plants: 0 | Ready: 0 | Need water: 0
Seeds: {'WHEAT': 5} | Shed: {}
2026-08-21 16:30:47 | INFO | day=0 player=0 farmer=(4,4) action={'farmer': ['PASS'], 'hands': [], 'market': [['BUY_SEED', 'WHEAT', 1], ['BUY_SEED', 'CORN', 1], ['BUY_SEED', 'TOMATO', 1], ['BUY_SEED', 'POTATO', 1], ['BUY_SEED', 'ANIMAL_FEED', 1]]}
2026-08-21 16:30:47 | INFO | day=0 player=0 farmer=(4,4) action={'farmer': ['PASS'], 'hands': [['PLANT', 'WHEAT']], 'market': [['BUY_SEED', 'CORN', 1], ['BUY_SEED', 'POTATO', 1], ['BUY_SEED', 'ANIMAL_FEED', 1]]}
2026-08-21 16:30:47 | INFO | day=0 player=0 farmer=(4,4) action={'farmer': ['PASS'], 'hands': [['PLANT', 'WHEAT']], 'market': [['BUY_SEED', 'CORN', 1], ['BUY_SEED', 'POTATO', 1], ['BUY_SEED', 'ANIMAL_FEED', 1]]}
2026-08-21 16:30:47 | INFO | day=0 player=0 farmer=(4,4) action={'farmer': ['PASS'], 'hands': [['PLANT', 'WHEAT']], 'market': [['BUY_SEED', 'CORN', 1], ['BUY_SEED', 'POTATO', 1], ['BUY_SEED', 'ANIMAL_FEED', 1]]}
2026-08-21 16:30:47 | INFO | day=0 player=0 farmer=(4,4) action={'farmer': ['PASS'], 'hands': [['PLANT', 'WHEAT']], 'market': [['BUY_SEED', 'CORN', 1], ['BUY_SEED', 'POTATO', 1], ['BUY_SEED', 'ANIMAL_FEED', 1]]}
2026-08-21 16:30:47 | INFO | day=0 player=0 farmer=(4,4) action={'farmer': ['PASS'], 'hands': [['PLANT', 'WHEAT']], 'market': [['BUY_SEED', 'CORN', 1], ['BUY_SEED', 'POTATO', 1], ['BUY_SEED', 'ANIMAL_FEED', 1]]}
2026-08-21 16:30:47 | INFO | day=0 player=0 farmer=(4,4) action={'farmer': ['PASS'], 'hands': [['PLANT', 'WHEAT']], 'market': [['BUY_SEED', 'CORN', 1], ['BUY_SEED', 'POTATO', 1], ['BUY_SEED', 'ANIMAL_FEED', 1]]}
2026-08-21 16:30:47 | INFO | day=0 player=0 farmer=(4,4) action={'farmer': ['PASS'], 'hands': [['PLANT', 'WHEAT']], 'market': [['BUY_SEED', 'CORN', 1], ['BUY_SEED', 'POTATO', 1], ['BUY_SEED', 'ANIMAL_FEED', 1]]}
2026-08-21 16:30:47 | INFO | day=0 player=0 farmer=(4,4) action={'farmer': ['PASS'], 'hands': [['PLANT', 'WHEAT']], 'market': [['BUY_SEED', 'CORN', 1], ['BUY_SEED', 'POTATO', 1], ['BUY_SEED', 'ANIMAL_FEED', 1]]}
2026-08-21 16:30:47 | INFO | day=0 player=0 farmer=(4,4) action={'farmer': ['PASS'], 'hands': [['PLANT', 'WHEAT']], 'market': [['BUY_SEED', 'CORN', 1], ['BUY_SEED', 'POTATO', 1], ['BUY_SEED', 'ANIMAL_FEED', 1]]}
2026-08-21 16:30:47 | INFO | day=0 player=0 farmer=(4,4) action={'farmer': ['PASS'], 'hands': [['PLANT', 'WHEAT']], 'market': [['BUY_SEED', 'CORN', 1], ['BUY_SEED', 'POTATO', 1], ['BUY_SEED', 'ANIMAL_FEED', 1]]}
2026-08-21 16:30:47 | INFO | day=0 player=0 farmer=(4,4) action={'farmer': ['PASS'], 'hands': [['PLANT', 'WHEAT']], 'market': [['BUY_SEED', 'CORN', 1], ['BUY_SEED', 'POTATO', 1], ['BUY_SEED', 'ANIMAL_FEED', 1]]}
2026-08-21 16:30:47 | INFO | day=0 player=0 farmer=(4,4) action={'farmer': ['PASS'], 'hands': [['PLANT', 'WHEAT']], 'market': [['BUY_SEED', 'CORN', 1], ['BUY_SEED', 'POTATO', 1], ['BUY_SEED', 'ANIMAL_FEED', 1]]}
2026-08-21 16:30:47 | INFO | day=0 player=0 farmer=(4,4) action={'farmer': ['PASS'], 'hands': [['PLANT', 'WHEAT']], 'market': [['BUY_SEED', 'CORN', 1], ['BUY_SEED', 'POTATO', 1], ['BUY_SEED', 'ANIMAL_FEED', 1]]}
2026-08-21 16:30:47 | INFO | day=0 player=0 farmer=(4,4) action={'farmer': ['PASS'], 'hands': [['PLANT', 'WHEAT']], 'market': [['BUY_SEED', 'CORN', 1], ['BUY_SEED', 'POTATO', 1], ['BUY_SEED', 'ANIMAL_FEED', 1]]}
2026-08-21 16:30:47 | INFO | day=0 player=0 farmer=(4,4) action={'farmer': ['PASS'], 'hands': [['PLANT', 'WHEAT']], 'market': [['BUY_SEED', 'CORN', 1], ['BUY_SEED', 'POTATO', 1], ['BUY_SEED', 'ANIMAL_FEED', 1]]}
2026-08-21 16:30:47 | INFO | day=0 player=0 farmer=(4,4) action={'farmer': ['PASS'], 'hands': [['PLANT', 'WHEAT']], 'market': [['BUY_SEED', 'CORN', 1], ['BUY_SEED', 'POTATO', 1], ['BUY_SEED', 'ANIMAL_FEED', 1]]}
2026-08-21 16:30:47 | INFO | day=0 player=0 farmer=(4,4) action={'farmer': ['PASS'], 'hands': [['PLANT', 'WHEAT']], 'market': [['BUY_SEED', 'CORN', 1], ['BUY_SEED', 'POTATO', 1], ['BUY_SEED', 'ANIMAL_FEED', 1]]}
2026-08-21 16:30:47 | INFO | day=0 player=0 farmer=(4,4) action={'farmer': ['PASS'], 'hands': [['PLANT', 'WHEAT']], 'market': [['BUY_SEED', 'CORN', 1], ['BUY_SEED', 'POTATO', 1], ['BUY_SEED', 'ANIMAL_FEED', 1]]}
2026-08-21 16:30:47 | INFO | day=0 player=0 farmer=(4,4) action={'farmer': ['PASS'], 'hands': [['PLANT', 'WHEAT']], 'market': [['BUY_SEED', 'CORN', 1], ['BUY_SEED', 'POTATO', 1], ['BUY_SEED', 'ANIMAL_FEED', 1]]}
2026-08-21 16:30:47 | INFO | day=0 player=0 farmer=(4,4) action={'farmer': ['PASS'], 'hands': [['PLANT', 'WHEAT']], 'market': [['BUY_SEED', 'CORN', 1], ['BUY_SEED', 'POTATO', 1], ['BUY_SEED', 'ANIMAL_FEED', 1]]}
2026-08-21 16:30:47 | INFO | day=0 player=0 farmer=(4,4) action={'farmer': ['PASS'], 'hands': [['PLANT', 'WHEAT']], 'market': [['BUY_SEED', 'CORN', 1], ['BUY_SEED', 'POTATO', 1], ['BUY_SEED', 'ANIMAL_FEED', 1]]}
2026-08-21 16:30:47 | INFO | day=0 player=0 farmer=(4,4) action={'farmer': ['PASS'], 'hands': [['PLANT', 'WHEAT']], 'market': [['BUY_SEED', 'CORN', 1], ['BUY_SEED', 'POTATO', 1], ['BUY_SEED', 'ANIMAL_FEED', 1]]}
2026-08-21 16:30:47 | INFO | day=0 player=0 farmer=(4,4) action={'farmer': ['PASS'], 'hands': [['PLANT', 'WHEAT']], 'market': [['BUY_SEED', 'CORN', 1], ['BUY_SEED', 'POTATO', 1], ['BUY_SEED', 'ANIMAL_FEED', 1]]}
2026-08-21 16:30:47 | INFO | day=1 player=0 farmer=(4,4) action={'farmer': ['PASS'], 'hands': [['PLANT', 'WHEAT']], 'market': [['BUY_SEED', 'CORN', 1], ['BUY_SEED', 'POTATO', 1], ['BUY_SEED', 'ANIMAL_FEED', 1]]}
2026-08-21 16:30:47 | INFO | day=1 player=0 farmer=(4,4) action={'farmer': ['PASS'], 'hands': [['PLANT', 'WHEAT']], 'market': [['BUY_SEED', 'CORN', 1], ['BUY_SEED', 'POTATO', 1], ['BUY_SEED', 'ANIMAL_FEED', 1]]}
2026-08-21 16:30:47 | INFO | day=1 player=0 farmer=(4,4) action={'farmer': ['PASS'], 'hands': [['PLANT', 'WHEAT']], 'market': [['BUY_SEED', 'CORN', 1], ['BUY_SEED', 'POTATO', 1], ['BUY_SEED', 'ANIMAL_FEED', 1]]}
2026-08-21 16:30:47 | INFO | day=1 player=0 farmer=(4,4) action={'farmer': ['PASS'], 'hands': [['PLANT', 'WHEAT']], 'market': [['BUY_SEED', 'CORN', 1], ['BUY_SEED', 'POTATO', 1], ['BUY_SEED', 'ANIMAL_FEED', 1]]}
2026-08-21 16:30:47 | INFO | day=1 player=0 farmer=(4,4) action={'farmer': ['PASS'], 'hands': [['PLANT', 'WHEAT']], 'market': [['BUY_SEED', 'CORN', 1], ['BUY_SEED', 'POTATO', 1], ['BUY_SEED', 'ANIMAL_FEED', 1]]}
2026-08-21 16:30:47 | INFO | day=1 player=0 farmer=(4,4) action={'farmer': ['PASS'], 'hands': [['PLANT', 'WHEAT']], 'market': [['BUY_SEED', 'CORN', 1], ['BUY_SEED', 'POTATO', 1], ['BUY_SEED', 'ANIMAL_FEED', 1]]}
2026-08-21 16:30:47 | INFO | day=1 player=0 farmer=(4,4) action={'farmer': ['PASS'], 'hands': [['PLANT', 'WHEAT']], 'market': [['BUY_SEED', 'CORN', 1], ['BUY_SEED', 'POTATO', 1], ['BUY_SEED', 'ANIMAL_FEED', 1]]}
2026-08-21 16:30:47 | INFO | day=1 player=0 farmer=(4,4) action={'farmer': ['PASS'], 'hands': [['PLANT', 'WHEAT']], 'market': [['BUY_SEED', 'CORN', 1], ['BUY_SEED', 'POTATO', 1], ['BUY_SEED', 'ANIMAL_FEED', 1]]}
2026-08-21 16:30:47 | INFO | day=1 player=0 farmer=(4,4) action={'farmer': ['PASS'], 'hands': [['PLANT', 'WHEAT']], 'market': [['BUY_SEED', 'CORN', 1], ['BUY_SEED', 'POTATO', 1], ['BUY_SEED', 'ANIMAL_FEED', 1]]}
2026-08-21 16:30:47 | INFO | day=1 player=0 farmer=(4,4) action={'farmer': ['PASS'], 'hands': [['PLANT', 'WHEAT']], 'market': [['BUY_SEED', 'CORN', 1], ['BUY_SEED', 'POTATO', 1], ['BUY_SEED', 'ANIMAL_FEED', 1]]}
2026-08-21 16:30:47 | INFO | day=1 player=0 farmer=(4,4) action={'farmer': ['PASS'], 'hands': [['PLANT', 'WHEAT']], 'market': [['BUY_SEED', 'CORN', 1], ['BUY_SEED', 'POTATO', 1], ['BUY_SEED', 'ANIMAL_FEED', 1]]}
2026-08-21 16:30:47 | INFO | day=1 player=0 farmer=(4,4) action={'farmer': ['PASS'], 'hands': [['PLANT', 'WHEAT']], 'market': [['BUY_SEED', 'CORN', 1], ['BUY_SEED', 'POTATO', 1], ['BUY_SEED', 'ANIMAL_FEED', 1]]}
2026-08-21 16:30:47 | INFO | day=1 player=0 farmer=(4,4) action={'farmer': ['PASS'], 'hands': [['PLANT', 'WHEAT']], 'market': [['BUY_SEED', 'CORN', 1], ['BUY_SEED', 'POTATO', 1], ['BUY_SEED', 'ANIMAL_FEED', 1]]}
2026-08-21 16:30:47 | INFO | day=1 player=0 farmer=(4,4) action={'farmer': ['PASS'], 'hands': [['PLANT', 'WHEAT']], 'market': [['BUY_SEED', 'CORN', 1], ['BUY_SEED', 'POTATO', 1], ['BUY_SEED', 'ANIMAL_FEED', 1]]}
2026-08-21 16:30:48 | INFO | day=1 player=0 farmer=(4,4) action={'farmer': ['PASS'], 'hands': [['PLANT', 'WHEAT']], 'market': [['BUY_SEED', 'CORN', 1], ['BUY_SEED', 'POTATO', 1], ['BUY_SEED', 'ANIMAL_FEED', 1]]}
2026-08-21 16:30:48 | INFO | day=1 player=0 farmer=(4,4) action={'farmer': ['PASS'], 'hands': [['PLANT', 'WHEAT']], 'market': [['BUY_SEED', 'CORN', 1], ['BUY_SEED', 'POTATO', 1], ['BUY_SEED', 'ANIMAL_FEED', 1]]}
2026-08-21 16:30:48 | INFO | day=1 player=0 farmer=(4,4) action={'farmer': ['PASS'], 'hands': [['PLANT', 'WHEAT']], 'market': [['BUY_SEED', 'CORN', 1], ['BUY_SEED', 'POTATO', 1], ['BUY_SEED', 'ANIMAL_FEED', 1]]}
2026-08-21 16:30:48 | INFO | day=1 player=0 farmer=(4,4) action={'farmer': ['PASS'], 'hands': [['PLANT', 'WHEAT']], 'market': [['BUY_SEED', 'CORN', 1], ['BUY_SEED', 'POTATO', 1], ['BUY_SEED', 'ANIMAL_FEED', 1]]}
2026-08-21 16:30:48 | INFO | day=1 player=0 farmer=(4,4) action={'farmer': ['PASS'], 'hands': [['PLANT', 'WHEAT']], 'market': [['BUY_SEED', 'CORN', 1], ['BUY_SEED', 'POTATO', 1], ['BUY_SEED', 'ANIMAL_FEED', 1]]}
2026-08-21 16:30:48 | INFO | day=1 player=0 farmer=(4,4) action={'farmer': ['PASS'], 'hands': [['PLANT', 'WHEAT']], 'market': [['BUY_SEED', 'CORN', 1], ['BUY_SEED', 'POTATO', 1], ['BUY_SEED', 'ANIMAL_FEED', 1]]}
2026-08-21 16:30:48 | INFO | day=1 player=0 farmer=(4,4) action={'farmer': ['PASS'], 'hands': [['PLANT', 'WHEAT']], 'market': [['BUY_SEED', 'CORN', 1], ['BUY_SEED', 'POTATO', 1], ['BUY_SEED', 'ANIMAL_FEED', 1]]}
2026-08-21 16:30:48 | INFO | day=1 player=0 farmer=(4,4) action={'farmer': ['PASS'], 'hands': [['PLANT', 'WHEAT']], 'market': [['BUY_SEED', 'CORN', 1], ['BUY_SEED', 'POTATO', 1], ['BUY_SEED', 'ANIMAL_FEED', 1]]}
2026-08-21 16:30:48 | INFO | day=1 player=0 farmer=(4,4) action={'farmer': ['PASS'], 'hands': [['PLANT', 'WHEAT']], 'market': [['BUY_SEED', 'CORN', 1], ['BUY_SEED', 'POTATO', 1], ['BUY_SEED', 'ANIMAL_FEED', 1]]}
2026-08-21 16:30:48 | INFO | day=1 player=0 farmer=(4,4) action={'farmer': ['PASS'], 'hands': [['PLANT', 'WHEAT']], 'market': [['BUY_SEED', 'CORN', 1], ['BUY_SEED', 'POTATO', 1], ['BUY_SEED', 'ANIMAL_FEED', 1]]}
2026-08-21 16:30:48 | INFO | day=2 player=0 farmer=(4,4) action={'farmer': ['PASS'], 'hands': [['PLANT', 'WHEAT']], 'market': [['BUY_SEED', 'CORN', 1], ['BUY_SEED', 'POTATO', 1], ['BUY_SEED', 'ANIMAL_FEED', 1]]}
2026-08-21 16:30:48 | INFO | day=2 player=0 farmer=(4,4) action={'farmer': ['PASS'], 'hands': [['PLANT', 'WHEAT']], 'market': [['BUY_SEED', 'CORN', 1], ['BUY_SEED', 'POTATO', 1], ['BUY_SEED', 'ANIMAL_FEED', 1]]}
2026-08-21 16:30:48 | INFO | day=2 player=0 farmer=(4,4) action={'farmer': ['PASS'], 'hands': [['PLANT', 'WHEAT']], 'market': [['BUY_SEED', 'CORN', 1], ['BUY_SEED', 'POTATO', 1], ['BUY_SEED', 'ANIMAL_FEED', 1]]}
2026-08-21 16:30:48 | INFO | day=2 player=0 farmer=(4,4) action={'farmer': ['PASS'], 'hands': [['PLANT', 'WHEAT']], 'market': [['BUY_SEED', 'CORN', 1], ['BUY_SEED', 'POTATO', 1], ['BUY_SEED', 'ANIMAL_FEED', 1]]}
2026-08-21 16:30:48 | INFO | day=2 player=0 farmer=(4,4) action={'farmer': ['PASS'], 'hands': [['PLANT', 'WHEAT']], 'market': [['BUY_SEED', 'CORN', 1], ['BUY_SEED', 'POTATO', 1], ['BUY_SEED', 'ANIMAL_FEED', 1]]}
2026-08-21 16:30:48 | INFO | day=2 player=0 farmer=(4,4) action={'farmer': ['PASS'], 'hands': [['PLANT', 'WHEAT']], 'market': [['BUY_SEED', 'CORN', 1], ['BUY_SEED', 'POTATO', 1], ['BUY_SEED', 'ANIMAL_FEED', 1]]}
2026-08-21 16:30:48 | INFO | day=2 player=0 farmer=(4,4) action={'farmer': ['PASS'], 'hands': [['PLANT', 'WHEAT']], 'market': [['BUY_SEED', 'CORN', 1], ['BUY_SEED', 'POTATO', 1], ['BUY_SEED', 'ANIMAL_FEED', 1]]}
2026-08-21 16:30:48 | INFO | day=2 player=0 farmer=(4,4) action={'farmer': ['PASS'], 'hands': [['PLANT', 'WHEAT']], 'market': [['BUY_SEED', 'CORN', 1], ['BUY_SEED', 'POTATO', 1], ['BUY_SEED', 'ANIMAL_FEED', 1]]}
2026-08-21 16:30:48 | INFO | day=2 player=0 farmer=(4,4) action={'farmer': ['PASS'], 'hands': [['PLANT', 'WHEAT']], 'market': [['BUY_SEED', 'CORN', 1], ['BUY_SEED', 'POTATO', 1], ['BUY_SEED', 'ANIMAL_FEED', 1]]}
2026-08-21 16:30:48 | INFO | day=2 player=0 farmer=(4,4) action={'farmer': ['PASS'], 'hands': [['PLANT', 'WHEAT']], 'market': [['BUY_SEED', 'CORN', 1], ['BUY_SEED', 'POTATO', 1], ['BUY_SEED', 'ANIMAL_FEED', 1]]}
2026-08-21 16:30:48 | INFO | day=2 player=0 farmer=(4,4) action={'farmer': ['PASS'], 'hands': [['PLANT', 'WHEAT']], 'market': [['BUY_SEED', 'CORN', 1], ['BUY_SEED', 'POTATO', 1], ['BUY_SEED', 'ANIMAL_FEED', 1]]}
2026-08-21 16:30:48 | INFO | day=2 player=0 farmer=(4,4) action={'farmer': ['PASS'], 'hands': [['PLANT', 'WHEAT']], 'market': [['BUY_SEED', 'CORN', 1], ['BUY_SEED', 'POTATO', 1], ['BUY_SEED', 'ANIMAL_FEED', 1]]}
2026-08-21 16:30:48 | INFO | day=2 player=0 farmer=(4,4) action={'farmer': ['PASS'], 'hands': [['PLANT', 'WHEAT']], 'market': [['BUY_SEED', 'CORN', 1], ['BUY_SEED', 'POTATO', 1], ['BUY_SEED', 'ANIMAL_FEED', 1]]}
2026-08-21 16:30:48 | INFO | day=2 player=0 farmer=(4,4) action={'farmer': ['PASS'], 'hands': [['PLANT', 'WHEAT']], 'market': [['BUY_SEED', 'CORN', 1], ['BUY_SEED', 'POTATO', 1], ['BUY_SEED', 'ANIMAL_FEED', 1]]}
2026-08-21 16:30:48 | INFO | day=2 player=0 farmer=(4,4) action={'farmer': ['PASS'], 'hands': [['PLANT', 'WHEAT']], 'market': [['BUY_SEED', 'CORN', 1], ['BUY_SEED', 'POTATO', 1], ['BUY_SEED', 'ANIMAL_FEED', 1]]}
2026-08-21 16:30:48 | INFO | day=2 player=0 farmer=(4,4) action={'farmer': ['PASS'], 'hands': [['PLANT', 'WHEAT']], 'market': [['BUY_SEED', 'CORN', 1], ['BUY_SEED', 'POTATO', 1], ['BUY_SEED', 'ANIMAL_FEED', 1]]}
2026-08-21 16:30:48 | INFO | day=2 player=0 farmer=(4,4) action={'farmer': ['PASS'], 'hands': [['PLANT', 'WHEAT']], 'market': [['BUY_SEED', 'CORN', 1], ['BUY_SEED', 'POTATO', 1], ['BUY_SEED', 'ANIMAL_FEED', 1]]}
2026-08-21 16:30:48 | INFO | day=2 player=0 farmer=(4,4) action={'farmer': ['PASS'], 'hands': [['PLANT', 'WHEAT']], 'market': [['BUY_SEED', 'CORN', 1], ['BUY_SEED', 'POTATO', 1], ['BUY_SEED', 'ANIMAL_FEED', 1]]}
2026-08-21 16:30:48 | INFO | day=2 player=0 farmer=(4,4) action={'farmer': ['PASS'], 'hands': [['PLANT', 'WHEAT']], 'market': [['BUY_SEED', 'CORN', 1], ['BUY_SEED', 'POTATO', 1], ['BUY_SEED', 'ANIMAL_FEED', 1]]}
2026-08-21 16:30:48 | INFO | day=2 player=0 farmer=(4,4) action={'farmer': ['PASS'], 'hands': [['PLANT', 'WHEAT']], 'market': [['BUY_SEED', 'CORN', 1], ['BUY_SEED', 'POTATO', 1], ['BUY_SEED', 'ANIMAL_FEED', 1]]}
2026-08-21 16:30:48 | INFO | day=2 player=0 farmer=(4,4) action={'farmer': ['PASS'], 'hands': [['PLANT', 'WHEAT']], 'market': [['BUY_SEED', 'CORN', 1], ['BUY_SEED', 'POTATO', 1], ['BUY_SEED', 'ANIMAL_FEED', 1]]}
2026-08-21 16:30:48 | INFO | day=2 player=0 farmer=(4,4) action={'farmer': ['PASS'], 'hands': [['PLANT', 'WHEAT']], 'market': [['BUY_SEED', 'CORN', 1], ['BUY_SEED', 'POTATO', 1], ['BUY_SEED', 'ANIMAL_FEED', 1]]}
2026-08-21 16:30:48 | INFO | day=2 player=0 farmer=(4,4) action={'farmer': ['PASS'], 'hands': [['PLANT', 'WHEAT']], 'market': [['BUY_SEED', 'CORN', 1], ['BUY_SEED', 'POTATO', 1], ['BUY_SEED', 'ANIMAL_FEED', 1]]}
2026-08-21 16:30:48 | INFO | day=2 player=0 farmer=(4,4) action={'farmer': ['PASS'], 'hands': [['PLANT', 'WHEAT']], 'market': [['BUY_SEED', 'CORN', 1], ['BUY_SEED', 'POTATO', 1], ['BUY_SEED', 'ANIMAL_FEED', 1]]}
2026-08-21 16:30:48 | INFO | day=3 player=0 farmer=(4,4) action={'farmer': ['WEED'], 'hands': [], 'market': [['BUY_SEED', 'CORN', 1], ['BUY_SEED', 'POTATO', 1], ['BUY_SEED', 'ANIMAL_FEED', 1]]}
2026-08-21 16:30:48 | INFO | day=3 player=0 farmer=(4,4) action={'farmer': ['WEED'], 'hands': [], 'market': [['BUY_SEED', 'CORN', 1], ['BUY_SEED', 'POTATO', 1], ['BUY_SEED', 'ANIMAL_FEED', 1]]}
2026-08-21 16:30:48 | INFO | day=3 player=0 farmer=(4,4) action={'farmer': ['WEED'], 'hands': [], 'market': [['BUY_SEED', 'CORN', 1], ['BUY_SEED', 'POTATO', 1], ['BUY_SEED', 'ANIMAL_FEED', 1]]}
2026-08-21 16:30:48 | INFO | day=3 player=0 farmer=(4,4) action={'farmer': ['WEED'], 'hands': [], 'market': [['BUY_SEED', 'CORN', 1], ['BUY_SEED', 'POTATO', 1], ['BUY_SEED', 'ANIMAL_FEED', 1]]}
2026-08-21 16:30:48 | INFO | day=3 player=0 farmer=(4,4) action={'farmer': ['WEED'], 'hands': [], 'market': [['BUY_SEED', 'CORN', 1], ['BUY_SEED', 'POTATO', 1], ['BUY_SEED', 'ANIMAL_FEED', 1]]}
2026-08-21 16:30:48 | INFO | day=3 player=0 farmer=(4,4) action={'farmer': ['WEED'], 'hands': [], 'market': [['BUY_SEED', 'CORN', 1], ['BUY_SEED', 'POTATO', 1], ['BUY_SEED', 'ANIMAL_FEED', 1]]}
2026-08-21 16:30:48 | INFO | day=3 player=0 farmer=(4,4) action={'farmer': ['WEED'], 'hands': [], 'market': [['BUY_SEED', 'CORN', 1], ['BUY_SEED', 'POTATO', 1], ['BUY_SEED', 'ANIMAL_FEED', 1]]}
2026-08-21 16:30:48 | INFO | day=3 player=0 farmer=(4,4) action={'farmer': ['WEED'], 'hands': [], 'market': [['BUY_SEED', 'CORN', 1], ['BUY_SEED', 'POTATO', 1], ['BUY_SEED', 'ANIMAL_FEED', 1]]}
2026-08-21 16:30:48 | INFO | day=3 player=0 farmer=(4,4) action={'farmer': ['WEED'], 'hands': [], 'market': [['BUY_SEED', 'CORN', 1], ['BUY_SEED', 'POTATO', 1], ['BUY_SEED', 'ANIMAL_FEED', 1]]}
2026-08-21 16:30:48 | INFO | day=3 player=0 farmer=(4,4) action={'farmer': ['WEED'], 'hands': [], 'market': [['BUY_SEED', 'CORN', 1], ['BUY_SEED', 'POTATO', 1], ['BUY_SEED', 'ANIMAL_FEED', 1]]}
2026-08-21 16:30:48 | INFO | day=3 player=0 farmer=(4,4) action={'farmer': ['WEED'], 'hands': [], 'market': [['BUY_SEED', 'CORN', 1], ['BUY_SEED', 'POTATO', 1], ['BUY_SEED', 'ANIMAL_FEED', 1]]}
2026-08-21 16:30:48 | INFO | day=3 player=0 farmer=(4,4) action={'farmer': ['WEED'], 'hands': [], 'market': [['BUY_SEED', 'CORN', 1], ['BUY_SEED', 'POTATO', 1], ['BUY_SEED', 'ANIMAL_FEED', 1]]}
2026-08-21 16:30:48 | INFO | day=3 player=0 farmer=(4,4) action={'farmer': ['WEED'], 'hands': [], 'market': [['BUY_SEED', 'CORN', 1], ['BUY_SEED', 'POTATO', 1], ['BUY_SEED', 'ANIMAL_FEED', 1]]}
2026-08-21 16:30:48 | INFO | day=3 player=0 farmer=(4,4) action={'farmer': ['WEED'], 'hands': [], 'market': [['BUY_SEED', 'CORN', 1], ['BUY_SEED', 'POTATO', 1], ['BUY_SEED', 'ANIMAL_FEED', 1]]}
2026-08-21 16:30:48 | INFO | day=3 player=0 farmer=(4,4) action={'farmer': ['WEED'], 'hands': [], 'market': [['BUY_SEED', 'CORN', 1], ['BUY_SEED', 'POTATO', 1], ['BUY_SEED', 'ANIMAL_FEED', 1]]}
2026-08-21 16:30:48 | INFO | day=3 player=0 farmer=(4,4) action={'farmer': ['WEED'], 'hands': [], 'market': [['BUY_SEED', 'CORN', 1], ['BUY_SEED', 'POTATO', 1], ['BUY_SEED', 'ANIMAL_FEED', 1]]}
2026-08-21 16:30:48 | INFO | day=3 player=0 farmer=(4,4) action={'farmer': ['WEED'], 'hands': [], 'market': [['BUY_SEED', 'CORN', 1], ['BUY_SEED', 'POTATO', 1], ['BUY_SEED', 'ANIMAL_FEED', 1]]}
2026-08-21 16:30:48 | INFO | day=3 player=0 farmer=(4,4) action={'farmer': ['WEED'], 'hands': [], 'market': [['BUY_SEED', 'CORN', 1], ['BUY_SEED', 'POTATO', 1], ['BUY_SEED', 'ANIMAL_FEED', 1]]}
2026-08-21 16:30:48 | INFO | day=3 player=0 farmer=(4,4) action={'farmer': ['WEED'], 'hands': [], 'market': [['BUY_SEED', 'CORN', 1], ['BUY_SEED', 'POTATO', 1], ['BUY_SEED', 'ANIMAL_FEED', 1]]}
2026-08-21 16:30:48 | INFO | day=3 player=0 farmer=(4,4) action={'farmer': ['WEED'], 'hands': [], 'market': [['BUY_SEED', 'CORN', 1], ['BUY_SEED', 'POTATO', 1], ['BUY_SEED', 'ANIMAL_FEED', 1]]}
2026-08-21 16:30:48 | INFO | day=3 player=0 farmer=(4,4) action={'farmer': ['WEED'], 'hands': [], 'market': [['BUY_SEED', 'CORN', 1], ['BUY_SEED', 'POTATO', 1], ['BUY_SEED', 'ANIMAL_FEED', 1]]}
2026-08-21 16:30:48 | INFO | day=3 player=0 farmer=(4,4) action={'farmer': ['WEED'], 'hands': [], 'market': [['BUY_SEED', 'CORN', 1], ['BUY_SEED', 'POTATO', 1], ['BUY_SEED', 'ANIMAL_FEED', 1]]}
2026-08-21 16:30:48 | INFO | day=3 player=0 farmer=(4,4) action={'farmer': ['WEED'], 'hands': [], 'market': [['BUY_SEED', 'CORN', 1], ['BUY_SEED', 'POTATO', 1], ['BUY_SEED', 'ANIMAL_FEED', 1]]}
2026-08-21 16:30:48 | INFO | day=3 player=0 farmer=(4,4) action={'farmer': ['WEED'], 'hands': [], 'market': [['BUY_SEED', 'CORN', 1], ['BUY_SEED', 'POTATO', 1], ['BUY_SEED', 'ANIMAL_FEED', 1]]}
2026-08-21 16:30:48 | INFO | day=4 player=0 farmer=(4,4) action={'farmer': ['WEED'], 'hands': [], 'market': [['BUY_SEED', 'CORN', 1], ['BUY_SEED', 'POTATO', 1], ['BUY_SEED', 'ANIMAL_FEED', 1]]}
2026-08-21 16:30:48 | INFO | day=4 player=0 farmer=(4,4) action={'farmer': ['WEED'], 'hands': [], 'market': [['BUY_SEED', 'CORN', 1], ['BUY_SEED', 'POTATO', 1], ['BUY_SEED', 'ANIMAL_FEED', 1]]}
2026-08-21 16:30:48 | INFO | day=4 player=0 farmer=(4,4) action={'farmer': ['WEED'], 'hands': [], 'market': [['BUY_SEED', 'CORN', 1], ['BUY_SEED', 'POTATO', 1], ['BUY_SEED', 'ANIMAL_FEED', 1]]}
2026-08-21 16:30:48 | INFO | day=4 player=0 farmer=(4,4) action={'farmer': ['WEED'], 'hands': [], 'market': [['BUY_SEED', 'CORN', 1], ['BUY_SEED', 'POTATO', 1], ['BUY_SEED', 'ANIMAL_FEED', 1]]}
2026-08-21 16:30:48 | INFO | day=4 player=0 farmer=(4,4) action={'farmer': ['WEED'], 'hands': [], 'market': [['BUY_SEED', 'CORN', 1], ['BUY_SEED', 'POTATO', 1], ['BUY_SEED', 'ANIMAL_FEED', 1]]}
2026-08-21 16:30:48 | INFO | day=4 player=0 farmer=(4,4) action={'farmer': ['WEED'], 'hands': [], 'market': [['BUY_SEED', 'CORN', 1], ['BUY_SEED', 'POTATO', 1], ['BUY_SEED', 'ANIMAL_FEED', 1]]}
2026-08-21 16:30:48 | INFO | day=4 player=0 farmer=(4,4) action={'farmer': ['WEED'], 'hands': [], 'market': [['BUY_SEED', 'CORN', 1], ['BUY_SEED', 'POTATO', 1], ['BUY_SEED', 'ANIMAL_FEED', 1]]}
2026-08-21 16:30:48 | INFO | day=4 player=0 farmer=(4,4) action={'farmer': ['WEED'], 'hands': [], 'market': [['BUY_SEED', 'CORN', 1], ['BUY_SEED', 'POTATO', 1], ['BUY_SEED', 'ANIMAL_FEED', 1]]}
2026-08-21 16:30:48 | INFO | day=4 player=0 farmer=(4,4) action={'farmer': ['WEED'], 'hands': [], 'market': [['BUY_SEED', 'CORN', 1], ['BUY_SEED', 'POTATO', 1], ['BUY_SEED', 'ANIMAL_FEED', 1]]}
2026-08-21 16:30:48 | INFO | day=4 player=0 farmer=(4,4) action={'farmer': ['WEED'], 'hands': [], 'market': [['BUY_SEED', 'CORN', 1], ['BUY_SEED', 'POTATO', 1], ['BUY_SEED', 'ANIMAL_FEED', 1]]}
2026-08-21 16:30:48 | INFO | day=4 player=0 farmer=(4,4) action={'farmer': ['WEED'], 'hands': [], 'market': [['BUY_SEED', 'CORN', 1], ['BUY_SEED', 'POTATO', 1], ['BUY_SEED', 'ANIMAL_FEED', 1]]}
2026-08-21 16:30:48 | INFO | day=4 player=0 farmer=(4,4) action={'farmer': ['WEED'], 'hands': [], 'market': [['BUY_SEED', 'CORN', 1], ['BUY_SEED', 'POTATO', 1], ['BUY_SEED', 'ANIMAL_FEED', 1]]}
2026-08-21 16:30:48 | INFO | day=4 player=0 farmer=(4,4) action={'farmer': ['WEED'], 'hands': [], 'market': [['BUY_SEED', 'CORN', 1], ['BUY_SEED', 'POTATO', 1], ['BUY_SEED', 'ANIMAL_FEED', 1]]}
2026-08-21 16:30:48 | INFO | day=4 player=0 farmer=(4,4) action={'farmer': ['WEED'], 'hands': [], 'market': [['BUY_SEED', 'CORN', 1], ['BUY_SEED', 'POTATO', 1], ['BUY_SEED', 'ANIMAL_FEED', 1]]}
2026-08-21 16:30:48 | INFO | day=4 player=0 farmer=(4,4) action={'farmer': ['WEED'], 'hands': [], 'market': [['BUY_SEED', 'CORN', 1], ['BUY_SEED', 'POTATO', 1], ['BUY_SEED', 'ANIMAL_FEED', 1]]}
2026-08-21 16:30:48 | INFO | day=4 player=0 farmer=(4,4) action={'farmer': ['WEED'], 'hands': [], 'market': [['BUY_SEED', 'CORN', 1], ['BUY_SEED', 'POTATO', 1], ['BUY_SEED', 'ANIMAL_FEED', 1]]}
2026-08-21 16:30:48 | INFO | day=4 player=0 farmer=(4,4) action={'farmer': ['WEED'], 'hands': [], 'market': [['BUY_SEED', 'CORN', 1], ['BUY_SEED', 'POTATO', 1], ['BUY_SEED', 'ANIMAL_FEED', 1]]}
2026-08-21 16:30:48 | INFO | day=4 player=0 farmer=(4,4) action={'farmer': ['WEED'], 'hands': [], 'market': [['BUY_SEED', 'CORN', 1], ['BUY_SEED', 'POTATO', 1], ['BUY_SEED', 'ANIMAL_FEED', 1]]}
2026-08-21 16:30:48 | INFO | day=4 player=0 farmer=(4,4) action={'farmer': ['WEED'], 'hands': [], 'market': [['BUY_SEED', 'CORN', 1], ['BUY_SEED', 'POTATO', 1], ['BUY_SEED', 'ANIMAL_FEED', 1]]}
2026-08-21 16:30:48 | INFO | day=4 player=0 farmer=(4,4) action={'farmer': ['WEED'], 'hands': [], 'market': [['BUY_SEED', 'CORN', 1], ['BUY_SEED', 'POTATO', 1], ['BUY_SEED', 'ANIMAL_FEED', 1]]}
2026-08-21 16:30:48 | INFO | day=4 player=0 farmer=(4,4) action={'farmer': ['WEED'], 'hands': [], 'market': [['BUY_SEED', 'CORN', 1], ['BUY_SEED', 'POTATO', 1], ['BUY_SEED', 'ANIMAL_FEED', 1]]}
2026-08-21 16:30:48 | INFO | day=4 player=0 farmer=(4,4) action={'farmer': ['WEED'], 'hands': [], 'market': [['BUY_SEED', 'CORN', 1], ['BUY_SEED', 'POTATO', 1], ['BUY_SEED', 'ANIMAL_FEED', 1]]}
2026-08-21 16:30:48 | INFO | day=4 player=0 farmer=(4,4) action={'farmer': ['WEED'], 'hands': [], 'market': [['BUY_SEED', 'CORN', 1], ['BUY_SEED', 'POTATO', 1], ['BUY_SEED', 'ANIMAL_FEED', 1]]}
2026-08-21 16:30:48 | INFO | day=4 player=0 farmer=(4,4) action={'farmer': ['WEED'], 'hands': [], 'market': [['BUY_SEED', 'CORN', 1], ['BUY_SEED', 'POTATO', 1], ['BUY_SEED', 'ANIMAL_FEED', 1]]}
2026-08-21 16:30:48 | INFO | day=5 player=0 farmer=(4,4) action={'farmer': ['WEED'], 'hands': [], 'market': [['BUY_SEED', 'CORN', 1], ['BUY_SEED', 'POTATO', 1], ['BUY_SEED', 'ANIMAL_FEED', 1]]}
2026-08-21 16:30:48 | INFO | day=5 player=0 farmer=(4,4) action={'farmer': ['WEED'], 'hands': [], 'market': [['BUY_SEED', 'CORN', 1], ['BUY_SEED', 'POTATO', 1], ['BUY_SEED', 'ANIMAL_FEED', 1]]}
2026-08-21 16:30:48 | INFO | day=5 player=0 farmer=(4,4) action={'farmer': ['WEED'], 'hands': [], 'market': [['BUY_SEED', 'CORN', 1], ['BUY_SEED', 'POTATO', 1], ['BUY_SEED', 'ANIMAL_FEED', 1]]}
2026-08-21 16:30:48 | INFO | day=5 player=0 farmer=(4,4) action={'farmer': ['WEED'], 'hands': [], 'market': [['BUY_SEED', 'CORN', 1], ['BUY_SEED', 'POTATO', 1], ['BUY_SEED', 'ANIMAL_FEED', 1]]}
2026-08-21 16:30:48 | INFO | day=5 player=0 farmer=(4,4) action={'farmer': ['WEED'], 'hands': [], 'market': [['BUY_SEED', 'CORN', 1], ['BUY_SEED', 'POTATO', 1], ['BUY_SEED', 'ANIMAL_FEED', 1]]}
2026-08-21 16:30:48 | INFO | day=5 player=0 farmer=(4,4) action={'farmer': ['WEED'], 'hands': [], 'market': [['BUY_SEED', 'CORN', 1], ['BUY_SEED', 'POTATO', 1], ['BUY_SEED', 'ANIMAL_FEED', 1]]}
2026-08-21 16:30:48 | INFO | day=5 player=0 farmer=(4,4) action={'farmer': ['WEED'], 'hands': [], 'market': [['BUY_SEED', 'CORN', 1], ['BUY_SEED', 'POTATO', 1], ['BUY_SEED', 'ANIMAL_FEED', 1]]}
2026-08-21 16:30:48 | INFO | day=5 player=0 farmer=(4,4) action={'farmer': ['WEED'], 'hands': [], 'market': [['BUY_SEED', 'CORN', 1], ['BUY_SEED', 'POTATO', 1], ['BUY_SEED', 'ANIMAL_FEED', 1]]}
2026-08-21 16:30:48 | INFO | day=5 player=0 farmer=(4,4) action={'farmer': ['WEED'], 'hands': [], 'market': [['BUY_SEED', 'CORN', 1], ['BUY_SEED', 'POTATO', 1], ['BUY_SEED', 'ANIMAL_FEED', 1]]}
2026-08-21 16:30:48 | INFO | day=5 player=0 farmer=(4,4) action={'farmer': ['WEED'], 'hands': [], 'market': [['BUY_SEED', 'CORN', 1], ['BUY_SEED', 'POTATO', 1], ['BUY_SEED', 'ANIMAL_FEED', 1]]}
2026-08-21 16:30:48 | INFO | day=5 player=0 farmer=(4,4) action={'farmer': ['WEED'], 'hands': [], 'market': [['BUY_SEED', 'CORN', 1], ['BUY_SEED', 'POTATO', 1], ['BUY_SEED', 'ANIMAL_FEED', 1]]}
2026-08-21 16:30:48 | INFO | day=5 player=0 farmer=(4,4) action={'farmer': ['WEED'], 'hands': [], 'market': [['BUY_SEED', 'CORN', 1], ['BUY_SEED', 'POTATO', 1], ['BUY_SEED', 'ANIMAL_FEED', 1]]}
2026-08-21 16:30:48 | INFO | day=5 player=0 farmer=(4,4) action={'farmer': ['WEED'], 'hands': [], 'market': [['BUY_SEED', 'CORN', 1], ['BUY_SEED', 'POTATO', 1], ['BUY_SEED', 'ANIMAL_FEED', 1]]}
2026-08-21 16:30:48 | INFO | day=5 player=0 farmer=(4,4) action={'farmer': ['WEED'], 'hands': [], 'market': [['BUY_SEED', 'CORN', 1], ['BUY_SEED', 'POTATO', 1], ['BUY_SEED', 'ANIMAL_FEED', 1]]}
2026-08-21 16:30:48 | INFO | day=5 player=0 farmer=(4,4) action={'farmer': ['WEED'], 'hands': [], 'market': [['BUY_SEED', 'CORN', 1], ['BUY_SEED', 'POTATO', 1], ['BUY_SEED', 'ANIMAL_FEED', 1]]}
2026-08-21 16:30:48 | INFO | day=5 player=0 farmer=(4,4) action={'farmer': ['WEED'], 'hands': [], 'market': [['BUY_SEED', 'CORN', 1], ['BUY_SEED', 'POTATO', 1], ['BUY_SEED', 'ANIMAL_FEED', 1]]}
2026-08-21 16:30:48 | INFO | day=5 player=0 farmer=(4,4) action={'farmer': ['WEED'], 'hands': [], 'market': [['BUY_SEED', 'CORN', 1], ['BUY_SEED', 'POTATO', 1], ['BUY_SEED', 'ANIMAL_FEED', 1]]}
2026-08-21 16:30:48 | INFO | day=5 player=0 farmer=(4,4) action={'farmer': ['WEED'], 'hands': [], 'market': [['BUY_SEED', 'CORN', 1], ['BUY_SEED', 'POTATO', 1], ['BUY_SEED', 'ANIMAL_FEED', 1]]}
2026-08-21 16:30:48 | INFO | day=5 player=0 farmer=(4,4) action={'farmer': ['WEED'], 'hands': [], 'market': [['BUY_SEED', 'CORN', 1], ['BUY_SEED', 'POTATO', 1], ['BUY_SEED', 'ANIMAL_FEED', 1]]}
2026-08-21 16:30:48 | INFO | day=5 player=0 farmer=(4,4) action={'farmer': ['WEED'], 'hands': [], 'market': [['BUY_SEED', 'CORN', 1], ['BUY_SEED', 'POTATO', 1], ['BUY_SEED', 'ANIMAL_FEED', 1]]}
2026-08-21 16:30:48 | INFO | day=5 player=0 farmer=(4,4) action={'farmer': ['WEED'], 'hands': [], 'market': [['BUY_SEED', 'CORN', 1], ['BUY_SEED', 'POTATO', 1], ['BUY_SEED', 'ANIMAL_FEED', 1]]}
2026-08-21 16:30:48 | INFO | day=5 player=0 farmer=(4,4) action={'farmer': ['WEED'], 'hands': [], 'market': [['BUY_SEED', 'CORN', 1], ['BUY_SEED', 'POTATO', 1], ['BUY_SEED', 'ANIMAL_FEED', 1]]}
2026-08-21 16:30:48 | INFO | day=5 player=0 farmer=(4,4) action={'farmer': ['WEED'], 'hands': [], 'market': [['BUY_SEED', 'CORN', 1], ['BUY_SEED', 'POTATO', 1], ['BUY_SEED', 'ANIMAL_FEED', 1]]}
2026-08-21 16:30:48 | INFO | day=5 player=0 farmer=(4,4) action={'farmer': ['WEED'], 'hands': [], 'market': [['BUY_SEED', 'CORN', 1], ['BUY_SEED', 'POTATO', 1], ['BUY_SEED', 'ANIMAL_FEED', 1]]}
2026-08-21 16:30:48 | INFO | day=6 player=0 farmer=(4,4) action={'farmer': ['WEED'], 'hands': [], 'market': [['BUY_SEED', 'CORN', 1], ['BUY_SEED', 'POTATO', 1], ['BUY_SEED', 'ANIMAL_FEED', 1]]}
2026-08-21 16:30:48 | INFO | day=6 player=0 farmer=(4,4) action={'farmer': ['WEED'], 'hands': [], 'market': [['BUY_SEED', 'CORN', 1], ['BUY_SEED', 'POTATO', 1], ['BUY_SEED', 'ANIMAL_FEED', 1]]}
2026-08-21 16:30:48 | INFO | day=6 player=0 farmer=(4,4) action={'farmer': ['WEED'], 'hands': [], 'market': [['BUY_SEED', 'CORN', 1], ['BUY_SEED', 'POTATO', 1], ['BUY_SEED', 'ANIMAL_FEED', 1]]}
2026-08-21 16:30:48 | INFO | day=6 player=0 farmer=(4,4) action={'farmer': ['WEED'], 'hands': [], 'market': [['BUY_SEED', 'CORN', 1], ['BUY_SEED', 'POTATO', 1], ['BUY_SEED', 'ANIMAL_FEED', 1]]}
2026-08-21 16:30:48 | INFO | day=6 player=0 farmer=(4,4) action={'farmer': ['WEED'], 'hands': [], 'market': [['BUY_SEED', 'CORN', 1], ['BUY_SEED', 'POTATO', 1], ['BUY_SEED', 'ANIMAL_FEED', 1]]}
2026-08-21 16:30:48 | INFO | day=6 player=0 farmer=(4,4) action={'farmer': ['WEED'], 'hands': [], 'market': [['BUY_SEED', 'CORN', 1], ['BUY_SEED', 'POTATO', 1], ['BUY_SEED', 'ANIMAL_FEED', 1]]}
2026-08-21 16:30:48 | INFO | day=6 player=0 farmer=(4,4) action={'farmer': ['WEED'], 'hands': [], 'market': [['BUY_SEED', 'CORN', 1], ['BUY_SEED', 'POTATO', 1], ['BUY_SEED', 'ANIMAL_FEED', 1]]}
2026-08-21 16:30:48 | INFO | day=6 player=0 farmer=(4,4) action={'farmer': ['WEED'], 'hands': [], 'market': [['BUY_SEED', 'CORN', 1], ['BUY_SEED', 'POTATO', 1], ['BUY_SEED', 'ANIMAL_FEED', 1]]}
2026-08-21 16:30:48 | INFO | day=6 player=0 farmer=(4,4) action={'farmer': ['WEED'], 'hands': [], 'market': [['BUY_SEED', 'CORN', 1], ['BUY_SEED', 'POTATO', 1], ['BUY_SEED', 'ANIMAL_FEED', 1]]}
2026-08-21 16:30:48 | INFO | day=6 player=0 farmer=(4,4) action={'farmer': ['WEED'], 'hands': [], 'market': [['BUY_SEED', 'CORN', 1], ['BUY_SEED', 'POTATO', 1], ['BUY_SEED', 'ANIMAL_FEED', 1]]}
2026-08-21 16:30:48 | INFO | day=6 player=0 farmer=(4,4) action={'farmer': ['WEED'], 'hands': [], 'market': [['BUY_SEED', 'CORN', 1], ['BUY_SEED', 'POTATO', 1], ['BUY_SEED', 'ANIMAL_FEED', 1]]}
2026-08-21 16:30:48 | INFO | day=6 player=0 farmer=(4,4) action={'farmer': ['WEED'], 'hands': [], 'market': [['BUY_SEED', 'CORN', 1], ['BUY_SEED', 'POTATO', 1], ['BUY_SEED', 'ANIMAL_FEED', 1]]}
2026-08-21 16:30:48 | INFO | day=6 player=0 farmer=(4,4) action={'farmer': ['WEED'], 'hands': [], 'market': [['BUY_SEED', 'CORN', 1], ['BUY_SEED', 'POTATO', 1], ['BUY_SEED', 'ANIMAL_FEED', 1]]}
2026-08-21 16:30:48 | INFO | day=6 player=0 farmer=(4,4) action={'farmer': ['WEED'], 'hands': [], 'market': [['BUY_SEED', 'CORN', 1], ['BUY_SEED', 'POTATO', 1], ['BUY_SEED', 'ANIMAL_FEED', 1]]}
2026-08-21 16:30:48 | INFO | day=6 player=0 farmer=(4,4) action={'farmer': ['WEED'], 'hands': [], 'market': [['BUY_SEED', 'CORN', 1], ['BUY_SEED', 'POTATO', 1], ['BUY_SEED', 'ANIMAL_FEED', 1]]}
2026-08-21 16:30:48 | INFO | day=6 player=0 farmer=(4,4) action={'farmer': ['WEED'], 'hands': [], 'market': [['BUY_SEED', 'CORN', 1], ['BUY_SEED', 'POTATO', 1], ['BUY_SEED', 'ANIMAL_FEED', 1]]}
2026-08-21 16:30:48 | INFO | day=6 player=0 farmer=(4,4) action={'farmer': ['WEED'], 'hands': [], 'market': [['BUY_SEED', 'CORN', 1], ['BUY_SEED', 'POTATO', 1], ['BUY_SEED', 'ANIMAL_FEED', 1]]}
2026-08-21 16:30:48 | INFO | day=6 player=0 farmer=(4,4) action={'farmer': ['WEED'], 'hands': [], 'market': [['BUY_SEED', 'CORN', 1], ['BUY_SEED', 'POTATO', 1], ['BUY_SEED', 'ANIMAL_FEED', 1]]}
2026-08-21 16:30:48 | INFO | day=6 player=0 farmer=(4,4) action={'farmer': ['WEED'], 'hands': [], 'market': [['BUY_SEED', 'CORN', 1], ['BUY_SEED', 'POTATO', 1], ['BUY_SEED', 'ANIMAL_FEED', 1]]}
2026-08-21 16:30:48 | INFO | day=6 player=0 farmer=(4,4) action={'farmer': ['WEED'], 'hands': [], 'market': [['BUY_SEED', 'CORN', 1], ['BUY_SEED', 'POTATO', 1], ['BUY_SEED', 'ANIMAL_FEED', 1]]}
2026-08-21 16:30:48 | INFO | day=6 player=0 farmer=(4,4) action={'farmer': ['WEED'], 'hands': [], 'market': [['BUY_SEED', 'CORN', 1], ['BUY_SEED', 'POTATO', 1], ['BUY_SEED', 'ANIMAL_FEED', 1]]}
2026-08-21 16:30:48 | INFO | day=6 player=0 farmer=(4,4) action={'farmer': ['WEED'], 'hands': [], 'market': [['BUY_SEED', 'CORN', 1], ['BUY_SEED', 'POTATO', 1], ['BUY_SEED', 'ANIMAL_FEED', 1]]}
2026-08-21 16:30:48 | INFO | day=6 player=0 farmer=(4,4) action={'farmer': ['WEED'], 'hands': [], 'market': [['BUY_SEED', 'CORN', 1], ['BUY_SEED', 'POTATO', 1], ['BUY_SEED', 'ANIMAL_FEED', 1]]}
2026-08-21 16:30:48 | INFO | day=6 player=0 farmer=(4,4) action={'farmer': ['WEED'], 'hands': [], 'market': [['BUY_SEED', 'CORN', 1], ['BUY_SEED', 'POTATO', 1], ['BUY_SEED', 'ANIMAL_FEED', 1]]}
2026-08-21 16:30:48 | INFO | day=7 player=0 farmer=(4,4) action={'farmer': ['WEED'], 'hands': [], 'market': [['BUY_SEED', 'CORN', 1], ['BUY_SEED', 'POTATO', 1], ['BUY_SEED', 'ANIMAL_FEED', 1]]}
2026-08-21 16:30:48 | INFO | day=7 player=0 farmer=(4,4) action={'farmer': ['WEED'], 'hands': [], 'market': [['BUY_SEED', 'CORN', 1], ['BUY_SEED', 'POTATO', 1], ['BUY_SEED', 'ANIMAL_FEED', 1]]}
2026-08-21 16:30:48 | INFO | day=7 player=0 farmer=(4,4) action={'farmer': ['WEED'], 'hands': [], 'market': [['BUY_SEED', 'CORN', 1], ['BUY_SEED', 'POTATO', 1], ['BUY_SEED', 'ANIMAL_FEED', 1]]}
2026-08-21 16:30:48 | INFO | day=7 player=0 farmer=(4,4) action={'farmer': ['WEED'], 'hands': [], 'market': [['BUY_SEED', 'CORN', 1], ['BUY_SEED', 'POTATO', 1], ['BUY_SEED', 'ANIMAL_FEED', 1]]}
2026-08-21 16:30:48 | INFO | day=7 player=0 farmer=(4,4) action={'farmer': ['WEED'], 'hands': [], 'market': [['BUY_SEED', 'CORN', 1], ['BUY_SEED', 'POTATO', 1], ['BUY_SEED', 'ANIMAL_FEED', 1]]}
2026-08-21 16:30:48 | INFO | day=7 player=0 farmer=(4,4) action={'farmer': ['WEED'], 'hands': [], 'market': [['BUY_SEED', 'CORN', 1], ['BUY_SEED', 'POTATO', 1], ['BUY_SEED', 'ANIMAL_FEED', 1]]}
2026-08-21 16:30:48 | INFO | day=7 player=0 farmer=(4,4) action={'farmer': ['WEED'], 'hands': [], 'market': [['BUY_SEED', 'CORN', 1], ['BUY_SEED', 'POTATO', 1], ['BUY_SEED', 'ANIMAL_FEED', 1]]}
2026-08-21 16:30:48 | INFO | day=7 player=0 farmer=(4,4) action={'farmer': ['WEED'], 'hands': [], 'market': [['BUY_SEED', 'CORN', 1], ['BUY_SEED', 'POTATO', 1], ['BUY_SEED', 'ANIMAL_FEED', 1]]}
2026-08-21 16:30:48 | INFO | day=7 player=0 farmer=(4,4) action={'farmer': ['WEED'], 'hands': [], 'market': [['BUY_SEED', 'CORN', 1], ['BUY_SEED', 'POTATO', 1], ['BUY_SEED', 'ANIMAL_FEED', 1]]}
2026-08-21 16:30:48 | INFO | day=7 player=0 farmer=(4,4) action={'farmer': ['WEED'], 'hands': [], 'market': [['BUY_SEED', 'CORN', 1], ['BUY_SEED', 'POTATO', 1], ['BUY_SEED', 'ANIMAL_FEED', 1]]}
2026-08-21 16:30:48 | INFO | day=7 player=0 farmer=(4,4) action={'farmer': ['WEED'], 'hands': [], 'market': [['BUY_SEED', 'CORN', 1], ['BUY_SEED', 'POTATO', 1], ['BUY_SEED', 'ANIMAL_FEED', 1]]}
2026-08-21 16:30:48 | INFO | day=7 player=0 farmer=(4,4) action={'farmer': ['WEED'], 'hands': [], 'market': [['BUY_SEED', 'CORN', 1], ['BUY_SEED', 'POTATO', 1], ['BUY_SEED', 'ANIMAL_FEED', 1]]}
2026-08-21 16:30:48 | INFO | day=7 player=0 farmer=(4,4) action={'farmer': ['WEED'], 'hands': [], 'market': [['BUY_SEED', 'CORN', 1], ['BUY_SEED', 'POTATO', 1], ['BUY_SEED', 'ANIMAL_FEED', 1]]}
2026-08-21 16:30:48 | INFO | day=7 player=0 farmer=(4,4) action={'farmer': ['WEED'], 'hands': [], 'market': [['BUY_SEED', 'CORN', 1], ['BUY_SEED', 'POTATO', 1], ['BUY_SEED', 'ANIMAL_FEED', 1]]}
2026-08-21 16:30:48 | INFO | day=7 player=0 farmer=(4,4) action={'farmer': ['WEED'], 'hands': [], 'market': [['BUY_SEED', 'CORN', 1], ['BUY_SEED', 'POTATO', 1], ['BUY_SEED', 'ANIMAL_FEED', 1]]}
2026-08-21 16:30:48 | INFO | day=7 player=0 farmer=(4,4) action={'farmer': ['WEED'], 'hands': [], 'market': [['BUY_SEED', 'CORN', 1], ['BUY_SEED', 'POTATO', 1], ['BUY_SEED', 'ANIMAL_FEED', 1]]}
2026-08-21 16:30:48 | INFO | day=7 player=0 farmer=(4,4) action={'farmer': ['WEED'], 'hands': [], 'market': [['BUY_SEED', 'CORN', 1], ['BUY_SEED', 'POTATO', 1], ['BUY_SEED', 'ANIMAL_FEED', 1]]}
2026-08-21 16:30:48 | INFO | day=7 player=0 farmer=(4,4) action={'farmer': ['WEED'], 'hands': [], 'market': [['BUY_SEED', 'CORN', 1], ['BUY_SEED', 'POTATO', 1], ['BUY_SEED', 'ANIMAL_FEED', 1]]}
2026-08-21 16:30:48 | INFO | day=7 player=0 farmer=(4,4) action={'farmer': ['WEED'], 'hands': [], 'market': [['BUY_SEED', 'CORN', 1], ['BUY_SEED', 'POTATO', 1], ['BUY_SEED', 'ANIMAL_FEED', 1]]}
2026-08-21 16:30:48 | INFO | day=7 player=0 farmer=(4,4) action={'farmer': ['WEED'], 'hands': [], 'market': [['BUY_SEED', 'CORN', 1], ['BUY_SEED', 'POTATO', 1], ['BUY_SEED', 'ANIMAL_FEED', 1]]}
2026-08-21 16:30:48 | INFO | day=7 player=0 farmer=(4,4) action={'farmer': ['WEED'], 'hands': [], 'market': [['BUY_SEED', 'CORN', 1], ['BUY_SEED', 'POTATO', 1], ['BUY_SEED', 'ANIMAL_FEED', 1]]}
2026-08-21 16:30:48 | INFO | day=7 player=0 farmer=(4,4) action={'farmer': ['WEED'], 'hands': [], 'market': [['BUY_SEED', 'CORN', 1], ['BUY_SEED', 'POTATO', 1], ['BUY_SEED', 'ANIMAL_FEED', 1]]}
2026-08-21 16:30:48 | INFO | day=7 player=0 farmer=(4,4) action={'farmer': ['WEED'], 'hands': [], 'market': [['BUY_SEED', 'CORN', 1], ['BUY_SEED', 'POTATO', 1], ['BUY_SEED', 'ANIMAL_FEED', 1]]}
2026-08-21 16:30:48 | INFO | day=7 player=0 farmer=(4,4) action={'farmer': ['WEED'], 'hands': [], 'market': [['BUY_SEED', 'CORN', 1], ['BUY_SEED', 'POTATO', 1], ['BUY_SEED', 'ANIMAL_FEED', 1]]}
2026-08-21 16:30:48 | INFO | day=8 player=0 farmer=(4,4) action={'farmer': ['WEED'], 'hands': [], 'market': [['BUY_SEED', 'CORN', 1], ['BUY_SEED', 'POTATO', 1], ['BUY_SEED', 'ANIMAL_FEED', 1]]}
2026-08-21 16:30:48 | INFO | day=8 player=0 farmer=(4,4) action={'farmer': ['WEED'], 'hands': [], 'market': [['BUY_SEED', 'CORN', 1], ['BUY_SEED', 'POTATO', 1], ['BUY_SEED', 'ANIMAL_FEED', 1]]}
2026-08-21 16:30:48 | INFO | day=8 player=0 farmer=(4,4) action={'farmer': ['WEED'], 'hands': [], 'market': [['BUY_SEED', 'CORN', 1], ['BUY_SEED', 'POTATO', 1], ['BUY_SEED', 'ANIMAL_FEED', 1]]}
2026-08-21 16:30:48 | INFO | day=8 player=0 farmer=(4,4) action={'farmer': ['WEED'], 'hands': [], 'market': [['BUY_SEED', 'CORN', 1], ['BUY_SEED', 'POTATO', 1], ['BUY_SEED', 'ANIMAL_FEED', 1]]}
2026-08-21 16:30:48 | INFO | day=8 player=0 farmer=(4,4) action={'farmer': ['WEED'], 'hands': [], 'market': [['BUY_SEED', 'CORN', 1], ['BUY_SEED', 'POTATO', 1], ['BUY_SEED', 'ANIMAL_FEED', 1]]}
2026-08-21 16:30:48 | INFO | day=8 player=0 farmer=(4,4) action={'farmer': ['WEED'], 'hands': [], 'market': [['BUY_SEED', 'CORN', 1], ['BUY_SEED', 'POTATO', 1], ['BUY_SEED', 'ANIMAL_FEED', 1]]}
2026-08-21 16:30:48 | INFO | day=8 player=0 farmer=(4,4) action={'farmer': ['WEED'], 'hands': [], 'market': [['BUY_SEED', 'CORN', 1], ['BUY_SEED', 'POTATO', 1], ['BUY_SEED', 'ANIMAL_FEED', 1]]}
